Archive member included to satisfy reference by file (symbol)

c:/intelfpga_lite/18.1/nios2eds/bin/gnu/h-x86_64-mingw32/bin/../lib/gcc/nios2-elf/5.3.0/../../../../../H-x86_64-mingw32/nios2-elf/lib/mno-hw-mul\libsmallc.a(lib_a-puts.o)
                              obj/default/hello_world.o (puts)
c:/intelfpga_lite/18.1/nios2eds/bin/gnu/h-x86_64-mingw32/bin/../lib/gcc/nios2-elf/5.3.0/../../../../../H-x86_64-mingw32/nios2-elf/lib/mno-hw-mul\libsmallc.a(lib_a-strlen.o)
                              c:/intelfpga_lite/18.1/nios2eds/bin/gnu/h-x86_64-mingw32/bin/../lib/gcc/nios2-elf/5.3.0/../../../../../H-x86_64-mingw32/nios2-elf/lib/mno-hw-mul\libsmallc.a(lib_a-puts.o) (strlen)
c:/intelfpga_lite/18.1/nios2eds/bin/gnu/h-x86_64-mingw32/bin/../lib/gcc/nios2-elf/5.3.0/../../../../../H-x86_64-mingw32/nios2-elf/lib/mno-hw-mul\libsmallc.a(lib_a-fvwrite_small_dev.o)
                              c:/intelfpga_lite/18.1/nios2eds/bin/gnu/h-x86_64-mingw32/bin/../lib/gcc/nios2-elf/5.3.0/../../../../../H-x86_64-mingw32/nios2-elf/lib/mno-hw-mul\libsmallc.a(lib_a-puts.o) (__sfvwrite_small_dev)
c:/intelfpga_lite/18.1/nios2eds/bin/gnu/h-x86_64-mingw32/bin/../lib/gcc/nios2-elf/5.3.0/../../../../../H-x86_64-mingw32/nios2-elf/lib/mno-hw-mul\libsmallc.a(lib_a-impure.o)
                              c:/intelfpga_lite/18.1/nios2eds/bin/gnu/h-x86_64-mingw32/bin/../lib/gcc/nios2-elf/5.3.0/../../../../../H-x86_64-mingw32/nios2-elf/lib/mno-hw-mul\libsmallc.a(lib_a-puts.o) (_impure_ptr)
c:/intelfpga_lite/18.1/nios2eds/bin/gnu/h-x86_64-mingw32/bin/../lib/gcc/nios2-elf/5.3.0/../../../../../H-x86_64-mingw32/nios2-elf/lib/mno-hw-mul\libsmallc.a(lib_a-writer.o)
                              c:/intelfpga_lite/18.1/nios2eds/bin/gnu/h-x86_64-mingw32/bin/../lib/gcc/nios2-elf/5.3.0/../../../../../H-x86_64-mingw32/nios2-elf/lib/mno-hw-mul\libsmallc.a(lib_a-fvwrite_small_dev.o) (_write_r)
c:/intelfpga_lite/18.1/nios2eds/bin/gnu/h-x86_64-mingw32/bin/../lib/gcc/nios2-elf/5.3.0/../../../../../H-x86_64-mingw32/nios2-elf/lib/mno-hw-mul\libsmallc.a(lib_a-int_errno.o)
                              c:/intelfpga_lite/18.1/nios2eds/bin/gnu/h-x86_64-mingw32/bin/../lib/gcc/nios2-elf/5.3.0/../../../../../H-x86_64-mingw32/nios2-elf/lib/mno-hw-mul\libsmallc.a(lib_a-writer.o) (errno)
../VGA_test_bsp/\libhal_bsp.a(alt_load.o)
                              ../VGA_test_bsp//obj/HAL/src/crt0.o (alt_load)
../VGA_test_bsp/\libhal_bsp.a(alt_main.o)
                              ../VGA_test_bsp//obj/HAL/src/crt0.o (alt_main)
../VGA_test_bsp/\libhal_bsp.a(alt_write.o)
                              c:/intelfpga_lite/18.1/nios2eds/bin/gnu/h-x86_64-mingw32/bin/../lib/gcc/nios2-elf/5.3.0/../../../../../H-x86_64-mingw32/nios2-elf/lib/mno-hw-mul\libsmallc.a(lib_a-writer.o) (write)
../VGA_test_bsp/\libhal_bsp.a(alt_sys_init.o)
                              ../VGA_test_bsp/\libhal_bsp.a(alt_main.o) (alt_irq_init)
../VGA_test_bsp/\libhal_bsp.a(altera_avalon_jtag_uart_fd.o)
                              ../VGA_test_bsp/\libhal_bsp.a(alt_sys_init.o) (altera_avalon_jtag_uart_read_fd)
../VGA_test_bsp/\libhal_bsp.a(altera_avalon_jtag_uart_read.o)
                              ../VGA_test_bsp/\libhal_bsp.a(altera_avalon_jtag_uart_fd.o) (altera_avalon_jtag_uart_read)
../VGA_test_bsp/\libhal_bsp.a(altera_avalon_jtag_uart_write.o)
                              ../VGA_test_bsp/\libhal_bsp.a(altera_avalon_jtag_uart_fd.o) (altera_avalon_jtag_uart_write)
../VGA_test_bsp/\libhal_bsp.a(draw_vga.o)
                              obj/default/hello_world.o (clear_screen)
../VGA_test_bsp/\libhal_bsp.a(alt_close.o)
                              ../VGA_test_bsp/\libhal_bsp.a(alt_main.o) (close)
../VGA_test_bsp/\libhal_bsp.a(alt_dcache_flush_all.o)
                              ../VGA_test_bsp/\libhal_bsp.a(alt_load.o) (alt_dcache_flush_all)
../VGA_test_bsp/\libhal_bsp.a(alt_dev.o)
                              ../VGA_test_bsp/\libhal_bsp.a(alt_sys_init.o) (alt_dev_list)
../VGA_test_bsp/\libhal_bsp.a(alt_dev_llist_insert.o)
                              ../VGA_test_bsp/\libhal_bsp.a(alt_sys_init.o) (alt_dev_llist_insert)
../VGA_test_bsp/\libhal_bsp.a(alt_errno.o)
                              ../VGA_test_bsp/\libhal_bsp.a(alt_write.o) (alt_errno)
../VGA_test_bsp/\libhal_bsp.a(alt_icache_flush_all.o)
                              ../VGA_test_bsp/\libhal_bsp.a(alt_load.o) (alt_icache_flush_all)
../VGA_test_bsp/\libhal_bsp.a(alt_io_redirect.o)
                              ../VGA_test_bsp/\libhal_bsp.a(alt_main.o) (alt_io_redirect)
../VGA_test_bsp/\libhal_bsp.a(alt_open.o)
                              ../VGA_test_bsp/\libhal_bsp.a(alt_io_redirect.o) (open)
../VGA_test_bsp/\libhal_bsp.a(alt_release_fd.o)
                              ../VGA_test_bsp/\libhal_bsp.a(alt_close.o) (alt_release_fd)
../VGA_test_bsp/\libhal_bsp.a(altera_nios2_gen2_irq.o)
                              ../VGA_test_bsp/\libhal_bsp.a(alt_sys_init.o) (altera_nios2_gen2_irq_init)
../VGA_test_bsp/\libhal_bsp.a(char_map.o)
                              ../VGA_test_bsp/\libhal_bsp.a(draw_vga.o) (upper_char_line)
../VGA_test_bsp/\libhal_bsp.a(alt_find_dev.o)
                              ../VGA_test_bsp/\libhal_bsp.a(alt_open.o) (alt_find_dev)
../VGA_test_bsp/\libhal_bsp.a(alt_find_file.o)
                              ../VGA_test_bsp/\libhal_bsp.a(alt_open.o) (alt_find_file)
../VGA_test_bsp/\libhal_bsp.a(alt_get_fd.o)
                              ../VGA_test_bsp/\libhal_bsp.a(alt_open.o) (alt_get_fd)
c:/intelfpga_lite/18.1/nios2eds/bin/gnu/h-x86_64-mingw32/bin/../lib/gcc/nios2-elf/5.3.0/../../../../../H-x86_64-mingw32/nios2-elf/lib/mno-hw-mul\libsmallc.a(lib_a-exit.o)
                              ../VGA_test_bsp/\libhal_bsp.a(alt_main.o) (exit)
c:/intelfpga_lite/18.1/nios2eds/bin/gnu/h-x86_64-mingw32/bin/../lib/gcc/nios2-elf/5.3.0/../../../../../H-x86_64-mingw32/nios2-elf/lib/mno-hw-mul\libsmallc.a(lib_a-memcmp.o)
                              ../VGA_test_bsp/\libhal_bsp.a(alt_find_dev.o) (memcmp)
c:/intelfpga_lite/18.1/nios2eds/bin/gnu/h-x86_64-mingw32/bin/../lib/gcc/nios2-elf/5.3.0/../../../../../H-x86_64-mingw32/nios2-elf/lib/mno-hw-mul\libsmallc.a(lib_a-__call_atexit.o)
                              c:/intelfpga_lite/18.1/nios2eds/bin/gnu/h-x86_64-mingw32/bin/../lib/gcc/nios2-elf/5.3.0/../../../../../H-x86_64-mingw32/nios2-elf/lib/mno-hw-mul\libsmallc.a(lib_a-exit.o) (__call_exitprocs)
c:/intelfpga_lite/18.1/nios2eds/bin/gnu/h-x86_64-mingw32/bin/../lib/gcc/nios2-elf/5.3.0/mno-hw-mul\libgcc.a(lib2-divmod.o)
                              ../VGA_test_bsp/\libhal_bsp.a(draw_vga.o) (__divsi3)
c:/intelfpga_lite/18.1/nios2eds/bin/gnu/h-x86_64-mingw32/bin/../lib/gcc/nios2-elf/5.3.0/mno-hw-mul\libgcc.a(lib2-mul.o)
                              ../VGA_test_bsp/\libhal_bsp.a(alt_write.o) (__mulsi3)
../VGA_test_bsp/\libhal_bsp.a(alt_exit.o)
                              c:/intelfpga_lite/18.1/nios2eds/bin/gnu/h-x86_64-mingw32/bin/../lib/gcc/nios2-elf/5.3.0/../../../../../H-x86_64-mingw32/nios2-elf/lib/mno-hw-mul\libsmallc.a(lib_a-exit.o) (_exit)

Allocating common symbols
Common symbol       size              file

errno               0x4               c:/intelfpga_lite/18.1/nios2eds/bin/gnu/h-x86_64-mingw32/bin/../lib/gcc/nios2-elf/5.3.0/../../../../../H-x86_64-mingw32/nios2-elf/lib/mno-hw-mul\libsmallc.a(lib_a-int_errno.o)

Memory Configuration

Name             Origin             Length             Attributes
reset            0x0000000000084000 0x0000000000000020
onchip_ram       0x0000000000084020 0x0000000000003fe0
*default*        0x0000000000000000 0xffffffffffffffff

Linker script and memory map

LOAD ../VGA_test_bsp//obj/HAL/src/crt0.o
LOAD obj/default/hello_world.o
LOAD c:/intelfpga_lite/18.1/nios2eds/bin/gnu/h-x86_64-mingw32/bin/../lib/gcc/nios2-elf/5.3.0/../../../../../H-x86_64-mingw32/nios2-elf/lib/mno-hw-mul\libstdc++.a
LOAD c:/intelfpga_lite/18.1/nios2eds/bin/gnu/h-x86_64-mingw32/bin/../lib/gcc/nios2-elf/5.3.0/../../../../../H-x86_64-mingw32/nios2-elf/lib/mno-hw-mul\libm.a
LOAD c:/intelfpga_lite/18.1/nios2eds/bin/gnu/h-x86_64-mingw32/bin/../lib/gcc/nios2-elf/5.3.0/mno-hw-mul\libgcc.a
START GROUP
LOAD c:/intelfpga_lite/18.1/nios2eds/bin/gnu/h-x86_64-mingw32/bin/../lib/gcc/nios2-elf/5.3.0/../../../../../H-x86_64-mingw32/nios2-elf/lib/mno-hw-mul\libsmallc.a
LOAD c:/intelfpga_lite/18.1/nios2eds/bin/gnu/h-x86_64-mingw32/bin/../lib/gcc/nios2-elf/5.3.0/mno-hw-mul\libgcc.a
LOAD ../VGA_test_bsp/\libhal_bsp.a
LOAD c:/intelfpga_lite/18.1/nios2eds/bin/gnu/h-x86_64-mingw32/bin/../lib/gcc/nios2-elf/5.3.0/../../../../../H-x86_64-mingw32/nios2-elf/lib/mno-hw-mul\libm.a
END GROUP
LOAD c:/intelfpga_lite/18.1/nios2eds/bin/gnu/h-x86_64-mingw32/bin/../lib/gcc/nios2-elf/5.3.0/mno-hw-mul\libgcc.a
                0x0000000000084000                __alt_mem_onchip_ram = 0x84000

.entry          0x0000000000084000       0x20
 *(.entry)
 .entry         0x0000000000084000       0x20 ../VGA_test_bsp//obj/HAL/src/crt0.o
                0x0000000000084000                __reset

.exceptions     0x0000000000084020        0x0
                0x0000000000084020                PROVIDE (__ram_exceptions_start, ABSOLUTE (.))
                0x0000000000084020                . = ALIGN (0x20)
 *(.irq)
 *(.exceptions.entry.label)
 *(.exceptions.entry.user)
 *(.exceptions.entry.ecc_fatal)
 *(.exceptions.entry)
 *(.exceptions.irqtest.user)
 *(.exceptions.irqtest)
 *(.exceptions.irqhandler.user)
 *(.exceptions.irqhandler)
 *(.exceptions.irqreturn.user)
 *(.exceptions.irqreturn)
 *(.exceptions.notirq.label)
 *(.exceptions.notirq.user)
 *(.exceptions.notirq)
 *(.exceptions.soft.user)
 *(.exceptions.soft)
 *(.exceptions.unknown.user)
 *(.exceptions.unknown)
 *(.exceptions.exit.label)
 *(.exceptions.exit.user)
 *(.exceptions.exit)
 *(.exceptions)
                0x0000000000084020                PROVIDE (__ram_exceptions_end, ABSOLUTE (.))
                0x0000000000084020                PROVIDE (__flash_exceptions_start, LOADADDR (.exceptions))

.text           0x0000000000084020     0x2328
                [!provide]                        PROVIDE (stext, ABSOLUTE (.))
 *(.interp)
 *(.hash)
 *(.dynsym)
 *(.dynstr)
 *(.gnu.version)
 *(.gnu.version_d)
 *(.gnu.version_r)
 *(.rel.init)
 *(.rela.init)
 *(.rel.text .rel.text.* .rel.gnu.linkonce.t.*)
 *(.rela.text .rela.text.* .rela.gnu.linkonce.t.*)
 *(.rel.fini)
 *(.rela.fini)
 *(.rel.rodata .rel.rodata.* .rel.gnu.linkonce.r.*)
 *(.rela.rodata .rela.rodata.* .rela.gnu.linkonce.r.*)
 *(.rel.data .rel.data.* .rel.gnu.linkonce.d.*)
 *(.rela.data .rela.data.* .rela.gnu.linkonce.d.*)
 *(.rel.tdata .rel.tdata.* .rel.gnu.linkonce.td.*)
 *(.rela.tdata .rela.tdata.* .rela.gnu.linkonce.td.*)
 *(.rel.tbss .rel.tbss.* .rel.gnu.linkonce.tb.*)
 *(.rela.tbss .rela.tbss.* .rela.gnu.linkonce.tb.*)
 *(.rel.ctors)
 *(.rela.ctors)
 *(.rel.dtors)
 *(.rela.dtors)
 *(.rel.got)
 *(.rela.got)
 *(.rel.sdata .rel.sdata.* .rel.gnu.linkonce.s.*)
 *(.rela.sdata .rela.sdata.* .rela.gnu.linkonce.s.*)
 *(.rel.sbss .rel.sbss.* .rel.gnu.linkonce.sb.*)
 *(.rela.sbss .rela.sbss.* .rela.gnu.linkonce.sb.*)
 *(.rel.sdata2 .rel.sdata2.* .rel.gnu.linkonce.s2.*)
 *(.rela.sdata2 .rela.sdata2.* .rela.gnu.linkonce.s2.*)
 *(.rel.sbss2 .rel.sbss2.* .rel.gnu.linkonce.sb2.*)
 *(.rela.sbss2 .rela.sbss2.* .rela.gnu.linkonce.sb2.*)
 *(.rel.bss .rel.bss.* .rel.gnu.linkonce.b.*)
 *(.rela.bss .rela.bss.* .rela.gnu.linkonce.b.*)
 *(.rel.plt)
 *(.rela.plt)
 *(.rel.dyn)
 *(.init)
 *(.plt)
 *(.text .stub .text.* .gnu.linkonce.t.*)
 .text          0x0000000000084020       0x3c ../VGA_test_bsp//obj/HAL/src/crt0.o
                0x0000000000084020                _start
 .text          0x000000000008405c       0x3c obj/default/hello_world.o
                0x000000000008405c                main
 .text          0x0000000000084098        0x0 c:/intelfpga_lite/18.1/nios2eds/bin/gnu/h-x86_64-mingw32/bin/../lib/gcc/nios2-elf/5.3.0/../../../../../H-x86_64-mingw32/nios2-elf/lib/mno-hw-mul\libsmallc.a(lib_a-puts.o)
 .text._puts_r  0x0000000000084098       0x80 c:/intelfpga_lite/18.1/nios2eds/bin/gnu/h-x86_64-mingw32/bin/../lib/gcc/nios2-elf/5.3.0/../../../../../H-x86_64-mingw32/nios2-elf/lib/mno-hw-mul\libsmallc.a(lib_a-puts.o)
                0x0000000000084098                _puts_r
 .text.puts     0x0000000000084118       0x14 c:/intelfpga_lite/18.1/nios2eds/bin/gnu/h-x86_64-mingw32/bin/../lib/gcc/nios2-elf/5.3.0/../../../../../H-x86_64-mingw32/nios2-elf/lib/mno-hw-mul\libsmallc.a(lib_a-puts.o)
                0x0000000000084118                puts
 .text          0x000000000008412c        0x0 c:/intelfpga_lite/18.1/nios2eds/bin/gnu/h-x86_64-mingw32/bin/../lib/gcc/nios2-elf/5.3.0/../../../../../H-x86_64-mingw32/nios2-elf/lib/mno-hw-mul\libsmallc.a(lib_a-strlen.o)
 .text.strlen   0x000000000008412c       0x1c c:/intelfpga_lite/18.1/nios2eds/bin/gnu/h-x86_64-mingw32/bin/../lib/gcc/nios2-elf/5.3.0/../../../../../H-x86_64-mingw32/nios2-elf/lib/mno-hw-mul\libsmallc.a(lib_a-strlen.o)
                0x000000000008412c                strlen
 .text          0x0000000000084148        0x0 c:/intelfpga_lite/18.1/nios2eds/bin/gnu/h-x86_64-mingw32/bin/../lib/gcc/nios2-elf/5.3.0/../../../../../H-x86_64-mingw32/nios2-elf/lib/mno-hw-mul\libsmallc.a(lib_a-fvwrite_small_dev.o)
 .text.__sfvwrite_small_dev
                0x0000000000084148       0xb8 c:/intelfpga_lite/18.1/nios2eds/bin/gnu/h-x86_64-mingw32/bin/../lib/gcc/nios2-elf/5.3.0/../../../../../H-x86_64-mingw32/nios2-elf/lib/mno-hw-mul\libsmallc.a(lib_a-fvwrite_small_dev.o)
                0x0000000000084148                __sfvwrite_small_dev
 .text          0x0000000000084200        0x0 c:/intelfpga_lite/18.1/nios2eds/bin/gnu/h-x86_64-mingw32/bin/../lib/gcc/nios2-elf/5.3.0/../../../../../H-x86_64-mingw32/nios2-elf/lib/mno-hw-mul\libsmallc.a(lib_a-impure.o)
 .text          0x0000000000084200        0x0 c:/intelfpga_lite/18.1/nios2eds/bin/gnu/h-x86_64-mingw32/bin/../lib/gcc/nios2-elf/5.3.0/../../../../../H-x86_64-mingw32/nios2-elf/lib/mno-hw-mul\libsmallc.a(lib_a-writer.o)
 .text._write_r
                0x0000000000084200       0x58 c:/intelfpga_lite/18.1/nios2eds/bin/gnu/h-x86_64-mingw32/bin/../lib/gcc/nios2-elf/5.3.0/../../../../../H-x86_64-mingw32/nios2-elf/lib/mno-hw-mul\libsmallc.a(lib_a-writer.o)
                0x0000000000084200                _write_r
 .text          0x0000000000084258        0x0 c:/intelfpga_lite/18.1/nios2eds/bin/gnu/h-x86_64-mingw32/bin/../lib/gcc/nios2-elf/5.3.0/../../../../../H-x86_64-mingw32/nios2-elf/lib/mno-hw-mul\libsmallc.a(lib_a-int_errno.o)
 .text          0x0000000000084258       0xec ../VGA_test_bsp/\libhal_bsp.a(alt_load.o)
                0x00000000000842c0                alt_load
 .text          0x0000000000084344       0x6c ../VGA_test_bsp/\libhal_bsp.a(alt_main.o)
                0x0000000000084344                alt_main
 .text          0x00000000000843b0      0x13c ../VGA_test_bsp/\libhal_bsp.a(alt_write.o)
                0x00000000000843ec                write
 .text          0x00000000000844ec       0xa0 ../VGA_test_bsp/\libhal_bsp.a(alt_sys_init.o)
                0x0000000000084520                alt_irq_init
                0x0000000000084558                alt_sys_init
 .text          0x000000000008458c       0xc0 ../VGA_test_bsp/\libhal_bsp.a(altera_avalon_jtag_uart_fd.o)
                0x000000000008458c                altera_avalon_jtag_uart_read_fd
                0x00000000000845ec                altera_avalon_jtag_uart_write_fd
 .text          0x000000000008464c       0xec ../VGA_test_bsp/\libhal_bsp.a(altera_avalon_jtag_uart_read.o)
                0x000000000008464c                altera_avalon_jtag_uart_read
 .text          0x0000000000084738       0x94 ../VGA_test_bsp/\libhal_bsp.a(altera_avalon_jtag_uart_write.o)
                0x0000000000084738                altera_avalon_jtag_uart_write
 .text          0x00000000000847cc      0xdc4 ../VGA_test_bsp/\libhal_bsp.a(draw_vga.o)
                0x00000000000847cc                clear_screen
                0x0000000000084864                draw_hline
                0x000000000008490c                draw_vline
                0x00000000000849c0                swap
                0x0000000000084a10                draw_angled_line
                0x0000000000084c3c                safe_write_pixel
                0x0000000000084cc4                draw_circle
                0x0000000000084ecc                safey_write_pixel
                0x0000000000084f40                draw_filled_circle
                0x0000000000085174                tty_print
                0x0000000000085220                char_print
                0x000000000008546c                int_print
 .text          0x0000000000085590      0x114 ../VGA_test_bsp/\libhal_bsp.a(alt_close.o)
                0x00000000000855cc                close
 .text          0x00000000000856a4       0x20 ../VGA_test_bsp/\libhal_bsp.a(alt_dcache_flush_all.o)
                0x00000000000856a4                alt_dcache_flush_all
 .text          0x00000000000856c4       0x2c ../VGA_test_bsp/\libhal_bsp.a(alt_dev.o)
 .text          0x00000000000856f0       0xe0 ../VGA_test_bsp/\libhal_bsp.a(alt_dev_llist_insert.o)
                0x000000000008572c                alt_dev_llist_insert
 .text          0x00000000000857d0        0x0 ../VGA_test_bsp/\libhal_bsp.a(alt_errno.o)
 .text          0x00000000000857d0       0x20 ../VGA_test_bsp/\libhal_bsp.a(alt_icache_flush_all.o)
                0x00000000000857d0                alt_icache_flush_all
 .text          0x00000000000857f0      0x160 ../VGA_test_bsp/\libhal_bsp.a(alt_io_redirect.o)
                0x00000000000858d4                alt_io_redirect
 .text          0x0000000000085950      0x284 ../VGA_test_bsp/\libhal_bsp.a(alt_open.o)
                0x0000000000085a78                open
 .text          0x0000000000085bd4       0x84 ../VGA_test_bsp/\libhal_bsp.a(alt_release_fd.o)
                0x0000000000085bd4                alt_release_fd
 .text          0x0000000000085c58       0x24 ../VGA_test_bsp/\libhal_bsp.a(altera_nios2_gen2_irq.o)
                0x0000000000085c58                altera_nios2_gen2_irq_init
 .text          0x0000000000085c7c       0x80 ../VGA_test_bsp/\libhal_bsp.a(char_map.o)
                0x0000000000085c7c                upper_char_line
                0x0000000000085cbc                lower_char_line
 .text          0x0000000000085cfc       0x90 ../VGA_test_bsp/\libhal_bsp.a(alt_find_dev.o)
                0x0000000000085cfc                alt_find_dev
 .text          0x0000000000085d8c      0x108 ../VGA_test_bsp/\libhal_bsp.a(alt_find_file.o)
                0x0000000000085d8c                alt_find_file
 .text          0x0000000000085e94       0xc4 ../VGA_test_bsp/\libhal_bsp.a(alt_get_fd.o)
                0x0000000000085e94                alt_get_fd
 .text          0x0000000000085f58        0x0 c:/intelfpga_lite/18.1/nios2eds/bin/gnu/h-x86_64-mingw32/bin/../lib/gcc/nios2-elf/5.3.0/../../../../../H-x86_64-mingw32/nios2-elf/lib/mno-hw-mul\libsmallc.a(lib_a-exit.o)
 .text.exit     0x0000000000085f58       0x20 c:/intelfpga_lite/18.1/nios2eds/bin/gnu/h-x86_64-mingw32/bin/../lib/gcc/nios2-elf/5.3.0/../../../../../H-x86_64-mingw32/nios2-elf/lib/mno-hw-mul\libsmallc.a(lib_a-exit.o)
                0x0000000000085f58                exit
 .text          0x0000000000085f78        0x0 c:/intelfpga_lite/18.1/nios2eds/bin/gnu/h-x86_64-mingw32/bin/../lib/gcc/nios2-elf/5.3.0/../../../../../H-x86_64-mingw32/nios2-elf/lib/mno-hw-mul\libsmallc.a(lib_a-memcmp.o)
 .text.memcmp   0x0000000000085f78       0x30 c:/intelfpga_lite/18.1/nios2eds/bin/gnu/h-x86_64-mingw32/bin/../lib/gcc/nios2-elf/5.3.0/../../../../../H-x86_64-mingw32/nios2-elf/lib/mno-hw-mul\libsmallc.a(lib_a-memcmp.o)
                0x0000000000085f78                memcmp
 .text          0x0000000000085fa8        0x0 c:/intelfpga_lite/18.1/nios2eds/bin/gnu/h-x86_64-mingw32/bin/../lib/gcc/nios2-elf/5.3.0/../../../../../H-x86_64-mingw32/nios2-elf/lib/mno-hw-mul\libsmallc.a(lib_a-__call_atexit.o)
 .text.__call_exitprocs
                0x0000000000085fa8      0x190 c:/intelfpga_lite/18.1/nios2eds/bin/gnu/h-x86_64-mingw32/bin/../lib/gcc/nios2-elf/5.3.0/../../../../../H-x86_64-mingw32/nios2-elf/lib/mno-hw-mul\libsmallc.a(lib_a-__call_atexit.o)
                0x0000000000085fa8                __call_exitprocs
 .text          0x0000000000086138      0x1b4 c:/intelfpga_lite/18.1/nios2eds/bin/gnu/h-x86_64-mingw32/bin/../lib/gcc/nios2-elf/5.3.0/mno-hw-mul\libgcc.a(lib2-divmod.o)
                0x0000000000086138                __divsi3
                0x00000000000861bc                __modsi3
                0x0000000000086230                __udivsi3
                0x0000000000086294                __umodsi3
 .text          0x00000000000862ec       0x28 c:/intelfpga_lite/18.1/nios2eds/bin/gnu/h-x86_64-mingw32/bin/../lib/gcc/nios2-elf/5.3.0/mno-hw-mul\libgcc.a(lib2-mul.o)
                0x00000000000862ec                __mulsi3
 .text          0x0000000000086314       0x34 ../VGA_test_bsp/\libhal_bsp.a(alt_exit.o)
                0x0000000000086314                _exit
 *(.gnu.warning.*)
 *(.fini)
                [!provide]                        PROVIDE (__etext, ABSOLUTE (.))
                [!provide]                        PROVIDE (_etext, ABSOLUTE (.))
                [!provide]                        PROVIDE (etext, ABSOLUTE (.))
 *(.eh_frame_hdr)
                0x0000000000086348                . = ALIGN (0x4)
                [!provide]                        PROVIDE (__preinit_array_start, ABSOLUTE (.))
 *(.preinit_array)
                [!provide]                        PROVIDE (__preinit_array_end, ABSOLUTE (.))
                [!provide]                        PROVIDE (__init_array_start, ABSOLUTE (.))
 *(.init_array)
                [!provide]                        PROVIDE (__init_array_end, ABSOLUTE (.))
                [!provide]                        PROVIDE (__fini_array_start, ABSOLUTE (.))
 *(.fini_array)
                [!provide]                        PROVIDE (__fini_array_end, ABSOLUTE (.))
 *(.eh_frame)
 *(.gcc_except_table .gcc_except_table.*)
 *(.dynamic)
                [!provide]                        PROVIDE (__CTOR_LIST__, ABSOLUTE (.))
 *(.ctors)
 *(SORT(.ctors.*))
                [!provide]                        PROVIDE (__CTOR_END__, ABSOLUTE (.))
                [!provide]                        PROVIDE (__DTOR_LIST__, ABSOLUTE (.))
 *(.dtors)
 *(SORT(.dtors.*))
                [!provide]                        PROVIDE (__DTOR_END__, ABSOLUTE (.))
 *(.jcr)
                0x0000000000086348                . = ALIGN (0x4)

.rodata         0x0000000000086348      0x33c
                0x0000000000086348                PROVIDE (__ram_rodata_start, ABSOLUTE (.))
                0x0000000000086348                . = ALIGN (0x4)
 *(.rodata .rodata.* .gnu.linkonce.r.*)
 .rodata        0x0000000000086348       0x14 obj/default/hello_world.o
 .rodata.str1.4
                0x000000000008635c        0x4 c:/intelfpga_lite/18.1/nios2eds/bin/gnu/h-x86_64-mingw32/bin/../lib/gcc/nios2-elf/5.3.0/../../../../../H-x86_64-mingw32/nios2-elf/lib/mno-hw-mul\libsmallc.a(lib_a-puts.o)
                                          0x2 (size before relaxing)
 .rodata        0x0000000000086360        0xf ../VGA_test_bsp/\libhal_bsp.a(alt_main.o)
 *fill*         0x000000000008636f        0x1 
 .rodata        0x0000000000086370        0xf ../VGA_test_bsp/\libhal_bsp.a(alt_sys_init.o)
 *fill*         0x000000000008637f        0x1 
 .rodata        0x0000000000086380        0xa ../VGA_test_bsp/\libhal_bsp.a(alt_dev.o)
 *fill*         0x000000000008638a        0x2 
 .rodata        0x000000000008638c      0x2f8 ../VGA_test_bsp/\libhal_bsp.a(char_map.o)
                0x000000000008638c                font32upper
                0x0000000000086508                font32lower
 *(.rodata1)
                0x0000000000086684                . = ALIGN (0x4)
                0x0000000000086684                PROVIDE (__ram_rodata_end, ABSOLUTE (.))
                0x0000000000086348                PROVIDE (__flash_rodata_start, LOADADDR (.rodata))

.rwdata         0x0000000000086684      0x2d4 load address 0x0000000000086958
                0x0000000000086684                PROVIDE (__ram_rwdata_start, ABSOLUTE (.))
                0x0000000000086684                . = ALIGN (0x4)
 *(.got.plt)
 *(.got)
 *(.data1)
 *(.data .data.* .gnu.linkonce.d.*)
 .data          0x0000000000086684        0x0 ../VGA_test_bsp//obj/HAL/src/crt0.o
 .data          0x0000000000086684        0x0 obj/default/hello_world.o
 .data          0x0000000000086684        0x0 c:/intelfpga_lite/18.1/nios2eds/bin/gnu/h-x86_64-mingw32/bin/../lib/gcc/nios2-elf/5.3.0/../../../../../H-x86_64-mingw32/nios2-elf/lib/mno-hw-mul\libsmallc.a(lib_a-puts.o)
 .data          0x0000000000086684        0x0 c:/intelfpga_lite/18.1/nios2eds/bin/gnu/h-x86_64-mingw32/bin/../lib/gcc/nios2-elf/5.3.0/../../../../../H-x86_64-mingw32/nios2-elf/lib/mno-hw-mul\libsmallc.a(lib_a-strlen.o)
 .data          0x0000000000086684        0x0 c:/intelfpga_lite/18.1/nios2eds/bin/gnu/h-x86_64-mingw32/bin/../lib/gcc/nios2-elf/5.3.0/../../../../../H-x86_64-mingw32/nios2-elf/lib/mno-hw-mul\libsmallc.a(lib_a-fvwrite_small_dev.o)
 .data          0x0000000000086684        0x0 c:/intelfpga_lite/18.1/nios2eds/bin/gnu/h-x86_64-mingw32/bin/../lib/gcc/nios2-elf/5.3.0/../../../../../H-x86_64-mingw32/nios2-elf/lib/mno-hw-mul\libsmallc.a(lib_a-impure.o)
 .data.impure_data
                0x0000000000086684       0xe0 c:/intelfpga_lite/18.1/nios2eds/bin/gnu/h-x86_64-mingw32/bin/../lib/gcc/nios2-elf/5.3.0/../../../../../H-x86_64-mingw32/nios2-elf/lib/mno-hw-mul\libsmallc.a(lib_a-impure.o)
 .data          0x0000000000086764        0x0 c:/intelfpga_lite/18.1/nios2eds/bin/gnu/h-x86_64-mingw32/bin/../lib/gcc/nios2-elf/5.3.0/../../../../../H-x86_64-mingw32/nios2-elf/lib/mno-hw-mul\libsmallc.a(lib_a-writer.o)
 .data          0x0000000000086764        0x0 c:/intelfpga_lite/18.1/nios2eds/bin/gnu/h-x86_64-mingw32/bin/../lib/gcc/nios2-elf/5.3.0/../../../../../H-x86_64-mingw32/nios2-elf/lib/mno-hw-mul\libsmallc.a(lib_a-int_errno.o)
 .data          0x0000000000086764        0x0 ../VGA_test_bsp/\libhal_bsp.a(alt_load.o)
 .data          0x0000000000086764        0x0 ../VGA_test_bsp/\libhal_bsp.a(alt_main.o)
 .data          0x0000000000086764        0x0 ../VGA_test_bsp/\libhal_bsp.a(alt_write.o)
 .data          0x0000000000086764       0x2c ../VGA_test_bsp/\libhal_bsp.a(alt_sys_init.o)
 .data          0x0000000000086790        0x0 ../VGA_test_bsp/\libhal_bsp.a(altera_avalon_jtag_uart_fd.o)
 .data          0x0000000000086790        0x0 ../VGA_test_bsp/\libhal_bsp.a(altera_avalon_jtag_uart_read.o)
 .data          0x0000000000086790        0x0 ../VGA_test_bsp/\libhal_bsp.a(altera_avalon_jtag_uart_write.o)
 .data          0x0000000000086790        0x0 ../VGA_test_bsp/\libhal_bsp.a(draw_vga.o)
 .data          0x0000000000086790        0x0 ../VGA_test_bsp/\libhal_bsp.a(alt_close.o)
 .data          0x0000000000086790        0x0 ../VGA_test_bsp/\libhal_bsp.a(alt_dcache_flush_all.o)
 .data          0x0000000000086790      0x1a8 ../VGA_test_bsp/\libhal_bsp.a(alt_dev.o)
                0x0000000000086790                alt_dev_null
                0x00000000000867b8                alt_fd_list
 .data          0x0000000000086938        0x0 ../VGA_test_bsp/\libhal_bsp.a(alt_dev_llist_insert.o)
 .data          0x0000000000086938        0x0 ../VGA_test_bsp/\libhal_bsp.a(alt_errno.o)
 .data          0x0000000000086938        0x0 ../VGA_test_bsp/\libhal_bsp.a(alt_icache_flush_all.o)
 .data          0x0000000000086938        0x0 ../VGA_test_bsp/\libhal_bsp.a(alt_io_redirect.o)
 .data          0x0000000000086938        0x0 ../VGA_test_bsp/\libhal_bsp.a(alt_open.o)
 .data          0x0000000000086938        0x0 ../VGA_test_bsp/\libhal_bsp.a(alt_release_fd.o)
 .data          0x0000000000086938        0x0 ../VGA_test_bsp/\libhal_bsp.a(altera_nios2_gen2_irq.o)
 .data          0x0000000000086938        0x0 ../VGA_test_bsp/\libhal_bsp.a(char_map.o)
 .data          0x0000000000086938        0x0 ../VGA_test_bsp/\libhal_bsp.a(alt_find_dev.o)
 .data          0x0000000000086938        0x0 ../VGA_test_bsp/\libhal_bsp.a(alt_find_file.o)
 .data          0x0000000000086938        0x0 ../VGA_test_bsp/\libhal_bsp.a(alt_get_fd.o)
 .data          0x0000000000086938        0x0 c:/intelfpga_lite/18.1/nios2eds/bin/gnu/h-x86_64-mingw32/bin/../lib/gcc/nios2-elf/5.3.0/../../../../../H-x86_64-mingw32/nios2-elf/lib/mno-hw-mul\libsmallc.a(lib_a-exit.o)
 .data          0x0000000000086938        0x0 c:/intelfpga_lite/18.1/nios2eds/bin/gnu/h-x86_64-mingw32/bin/../lib/gcc/nios2-elf/5.3.0/../../../../../H-x86_64-mingw32/nios2-elf/lib/mno-hw-mul\libsmallc.a(lib_a-memcmp.o)
 .data          0x0000000000086938        0x0 c:/intelfpga_lite/18.1/nios2eds/bin/gnu/h-x86_64-mingw32/bin/../lib/gcc/nios2-elf/5.3.0/../../../../../H-x86_64-mingw32/nios2-elf/lib/mno-hw-mul\libsmallc.a(lib_a-__call_atexit.o)
 .data          0x0000000000086938        0x0 c:/intelfpga_lite/18.1/nios2eds/bin/gnu/h-x86_64-mingw32/bin/../lib/gcc/nios2-elf/5.3.0/mno-hw-mul\libgcc.a(lib2-divmod.o)
 .data          0x0000000000086938        0x0 c:/intelfpga_lite/18.1/nios2eds/bin/gnu/h-x86_64-mingw32/bin/../lib/gcc/nios2-elf/5.3.0/mno-hw-mul\libgcc.a(lib2-mul.o)
 .data          0x0000000000086938        0x0 ../VGA_test_bsp/\libhal_bsp.a(alt_exit.o)
                0x000000000008e938                _gp = ABSOLUTE ((. + 0x8000))
                [!provide]                        PROVIDE (gp, _gp)
 *(.rwdata .rwdata.*)
 *(.sdata .sdata.* .gnu.linkonce.s.*)
 .sdata._global_impure_ptr
                0x0000000000086938        0x4 c:/intelfpga_lite/18.1/nios2eds/bin/gnu/h-x86_64-mingw32/bin/../lib/gcc/nios2-elf/5.3.0/../../../../../H-x86_64-mingw32/nios2-elf/lib/mno-hw-mul\libsmallc.a(lib_a-impure.o)
                0x0000000000086938                _global_impure_ptr
 .sdata._impure_ptr
                0x000000000008693c        0x4 c:/intelfpga_lite/18.1/nios2eds/bin/gnu/h-x86_64-mingw32/bin/../lib/gcc/nios2-elf/5.3.0/../../../../../H-x86_64-mingw32/nios2-elf/lib/mno-hw-mul\libsmallc.a(lib_a-impure.o)
                0x000000000008693c                _impure_ptr
 .sdata         0x0000000000086940       0x14 ../VGA_test_bsp/\libhal_bsp.a(alt_dev.o)
                0x0000000000086940                alt_fs_list
                0x0000000000086948                alt_dev_list
                0x0000000000086950                alt_max_fd
 .sdata         0x0000000000086954        0x4 ../VGA_test_bsp/\libhal_bsp.a(alt_errno.o)
                0x0000000000086954                alt_errno
 *(.sdata2 .sdata2.* .gnu.linkonce.s2.*)
                0x0000000000086958                . = ALIGN (0x4)
                0x0000000000086958                _edata = ABSOLUTE (.)
                [!provide]                        PROVIDE (edata, ABSOLUTE (.))
                0x0000000000086958                PROVIDE (__ram_rwdata_end, ABSOLUTE (.))
                0x0000000000086958                PROVIDE (__flash_rwdata_start, LOADADDR (.rwdata))

.bss            0x0000000000086c2c       0x10
                0x0000000000086c2c                __bss_start = ABSOLUTE (.)
                [!provide]                        PROVIDE (__sbss_start, ABSOLUTE (.))
                [!provide]                        PROVIDE (___sbss_start, ABSOLUTE (.))
 *(.dynsbss)
 *(.sbss .sbss.* .gnu.linkonce.sb.*)
 .sbss          0x0000000000086c2c        0x4 c:/intelfpga_lite/18.1/nios2eds/bin/gnu/h-x86_64-mingw32/bin/../lib/gcc/nios2-elf/5.3.0/../../../../../H-x86_64-mingw32/nios2-elf/lib/mno-hw-mul\libsmallc.a(lib_a-int_errno.o)
                0x0000000000086c2c                errno
 .sbss          0x0000000000086c30        0xc ../VGA_test_bsp/\libhal_bsp.a(alt_main.o)
                0x0000000000086c30                alt_argc
                0x0000000000086c34                alt_argv
                0x0000000000086c38                alt_envp
 *(.sbss2 .sbss2.* .gnu.linkonce.sb2.*)
 *(.scommon)
                [!provide]                        PROVIDE (__sbss_end, ABSOLUTE (.))
                [!provide]                        PROVIDE (___sbss_end, ABSOLUTE (.))
 *(.dynbss)
 *(.bss .bss.* .gnu.linkonce.b.*)
 .bss           0x0000000000086c3c        0x0 ../VGA_test_bsp//obj/HAL/src/crt0.o
 .bss           0x0000000000086c3c        0x0 obj/default/hello_world.o
 .bss           0x0000000000086c3c        0x0 c:/intelfpga_lite/18.1/nios2eds/bin/gnu/h-x86_64-mingw32/bin/../lib/gcc/nios2-elf/5.3.0/../../../../../H-x86_64-mingw32/nios2-elf/lib/mno-hw-mul\libsmallc.a(lib_a-puts.o)
 .bss           0x0000000000086c3c        0x0 c:/intelfpga_lite/18.1/nios2eds/bin/gnu/h-x86_64-mingw32/bin/../lib/gcc/nios2-elf/5.3.0/../../../../../H-x86_64-mingw32/nios2-elf/lib/mno-hw-mul\libsmallc.a(lib_a-strlen.o)
 .bss           0x0000000000086c3c        0x0 c:/intelfpga_lite/18.1/nios2eds/bin/gnu/h-x86_64-mingw32/bin/../lib/gcc/nios2-elf/5.3.0/../../../../../H-x86_64-mingw32/nios2-elf/lib/mno-hw-mul\libsmallc.a(lib_a-fvwrite_small_dev.o)
 .bss           0x0000000000086c3c        0x0 c:/intelfpga_lite/18.1/nios2eds/bin/gnu/h-x86_64-mingw32/bin/../lib/gcc/nios2-elf/5.3.0/../../../../../H-x86_64-mingw32/nios2-elf/lib/mno-hw-mul\libsmallc.a(lib_a-impure.o)
 .bss           0x0000000000086c3c        0x0 c:/intelfpga_lite/18.1/nios2eds/bin/gnu/h-x86_64-mingw32/bin/../lib/gcc/nios2-elf/5.3.0/../../../../../H-x86_64-mingw32/nios2-elf/lib/mno-hw-mul\libsmallc.a(lib_a-writer.o)
 .bss           0x0000000000086c3c        0x0 c:/intelfpga_lite/18.1/nios2eds/bin/gnu/h-x86_64-mingw32/bin/../lib/gcc/nios2-elf/5.3.0/../../../../../H-x86_64-mingw32/nios2-elf/lib/mno-hw-mul\libsmallc.a(lib_a-int_errno.o)
 .bss           0x0000000000086c3c        0x0 ../VGA_test_bsp/\libhal_bsp.a(alt_load.o)
 .bss           0x0000000000086c3c        0x0 ../VGA_test_bsp/\libhal_bsp.a(alt_main.o)
 .bss           0x0000000000086c3c        0x0 ../VGA_test_bsp/\libhal_bsp.a(alt_write.o)
 .bss           0x0000000000086c3c        0x0 ../VGA_test_bsp/\libhal_bsp.a(alt_sys_init.o)
 .bss           0x0000000000086c3c        0x0 ../VGA_test_bsp/\libhal_bsp.a(altera_avalon_jtag_uart_fd.o)
 .bss           0x0000000000086c3c        0x0 ../VGA_test_bsp/\libhal_bsp.a(altera_avalon_jtag_uart_read.o)
 .bss           0x0000000000086c3c        0x0 ../VGA_test_bsp/\libhal_bsp.a(altera_avalon_jtag_uart_write.o)
 .bss           0x0000000000086c3c        0x0 ../VGA_test_bsp/\libhal_bsp.a(draw_vga.o)
 .bss           0x0000000000086c3c        0x0 ../VGA_test_bsp/\libhal_bsp.a(alt_close.o)
 .bss           0x0000000000086c3c        0x0 ../VGA_test_bsp/\libhal_bsp.a(alt_dcache_flush_all.o)
 .bss           0x0000000000086c3c        0x0 ../VGA_test_bsp/\libhal_bsp.a(alt_dev.o)
 .bss           0x0000000000086c3c        0x0 ../VGA_test_bsp/\libhal_bsp.a(alt_dev_llist_insert.o)
 .bss           0x0000000000086c3c        0x0 ../VGA_test_bsp/\libhal_bsp.a(alt_errno.o)
 .bss           0x0000000000086c3c        0x0 ../VGA_test_bsp/\libhal_bsp.a(alt_icache_flush_all.o)
 .bss           0x0000000000086c3c        0x0 ../VGA_test_bsp/\libhal_bsp.a(alt_io_redirect.o)
 .bss           0x0000000000086c3c        0x0 ../VGA_test_bsp/\libhal_bsp.a(alt_open.o)
 .bss           0x0000000000086c3c        0x0 ../VGA_test_bsp/\libhal_bsp.a(alt_release_fd.o)
 .bss           0x0000000000086c3c        0x0 ../VGA_test_bsp/\libhal_bsp.a(altera_nios2_gen2_irq.o)
 .bss           0x0000000000086c3c        0x0 ../VGA_test_bsp/\libhal_bsp.a(char_map.o)
 .bss           0x0000000000086c3c        0x0 ../VGA_test_bsp/\libhal_bsp.a(alt_find_dev.o)
 .bss           0x0000000000086c3c        0x0 ../VGA_test_bsp/\libhal_bsp.a(alt_find_file.o)
 .bss           0x0000000000086c3c        0x0 ../VGA_test_bsp/\libhal_bsp.a(alt_get_fd.o)
 .bss           0x0000000000086c3c        0x0 c:/intelfpga_lite/18.1/nios2eds/bin/gnu/h-x86_64-mingw32/bin/../lib/gcc/nios2-elf/5.3.0/../../../../../H-x86_64-mingw32/nios2-elf/lib/mno-hw-mul\libsmallc.a(lib_a-exit.o)
 .bss           0x0000000000086c3c        0x0 c:/intelfpga_lite/18.1/nios2eds/bin/gnu/h-x86_64-mingw32/bin/../lib/gcc/nios2-elf/5.3.0/../../../../../H-x86_64-mingw32/nios2-elf/lib/mno-hw-mul\libsmallc.a(lib_a-memcmp.o)
 .bss           0x0000000000086c3c        0x0 c:/intelfpga_lite/18.1/nios2eds/bin/gnu/h-x86_64-mingw32/bin/../lib/gcc/nios2-elf/5.3.0/../../../../../H-x86_64-mingw32/nios2-elf/lib/mno-hw-mul\libsmallc.a(lib_a-__call_atexit.o)
 .bss           0x0000000000086c3c        0x0 c:/intelfpga_lite/18.1/nios2eds/bin/gnu/h-x86_64-mingw32/bin/../lib/gcc/nios2-elf/5.3.0/mno-hw-mul\libgcc.a(lib2-divmod.o)
 .bss           0x0000000000086c3c        0x0 c:/intelfpga_lite/18.1/nios2eds/bin/gnu/h-x86_64-mingw32/bin/../lib/gcc/nios2-elf/5.3.0/mno-hw-mul\libgcc.a(lib2-mul.o)
 .bss           0x0000000000086c3c        0x0 ../VGA_test_bsp/\libhal_bsp.a(alt_exit.o)
 *(COMMON)
                0x0000000000086c3c                . = ALIGN (0x4)
                0x0000000000086c3c                __bss_end = ABSOLUTE (.)

.onchip_ram     0x0000000000086c3c        0x0
                [!provide]                        PROVIDE (_alt_partition_onchip_ram_start, ABSOLUTE (.))
 *(.onchip_ram .onchip_ram. onchip_ram.*)
                0x0000000000086c3c                . = ALIGN (0x4)
                [!provide]                        PROVIDE (_alt_partition_onchip_ram_end, ABSOLUTE (.))
                0x0000000000086c3c                _end = ABSOLUTE (.)
                0x0000000000086c3c                end = ABSOLUTE (.)
                0x0000000000086c3c                __alt_stack_base = ABSOLUTE (.)
                [!provide]                        PROVIDE (_alt_partition_onchip_ram_load_addr, LOADADDR (.onchip_ram))

.stab
 *(.stab)

.stabstr
 *(.stabstr)

.stab.excl
 *(.stab.excl)

.stab.exclstr
 *(.stab.exclstr)

.stab.index
 *(.stab.index)

.stab.indexstr
 *(.stab.indexstr)

.comment        0x0000000000000000       0x23
 *(.comment)
 .comment       0x0000000000000000       0x23 obj/default/hello_world.o
                                         0x24 (size before relaxing)
 .comment       0x0000000000000023       0x24 c:/intelfpga_lite/18.1/nios2eds/bin/gnu/h-x86_64-mingw32/bin/../lib/gcc/nios2-elf/5.3.0/../../../../../H-x86_64-mingw32/nios2-elf/lib/mno-hw-mul\libsmallc.a(lib_a-puts.o)
 .comment       0x0000000000000023       0x24 c:/intelfpga_lite/18.1/nios2eds/bin/gnu/h-x86_64-mingw32/bin/../lib/gcc/nios2-elf/5.3.0/../../../../../H-x86_64-mingw32/nios2-elf/lib/mno-hw-mul\libsmallc.a(lib_a-strlen.o)
 .comment       0x0000000000000023       0x24 c:/intelfpga_lite/18.1/nios2eds/bin/gnu/h-x86_64-mingw32/bin/../lib/gcc/nios2-elf/5.3.0/../../../../../H-x86_64-mingw32/nios2-elf/lib/mno-hw-mul\libsmallc.a(lib_a-fvwrite_small_dev.o)
 .comment       0x0000000000000023       0x24 c:/intelfpga_lite/18.1/nios2eds/bin/gnu/h-x86_64-mingw32/bin/../lib/gcc/nios2-elf/5.3.0/../../../../../H-x86_64-mingw32/nios2-elf/lib/mno-hw-mul\libsmallc.a(lib_a-impure.o)
 .comment       0x0000000000000023       0x24 c:/intelfpga_lite/18.1/nios2eds/bin/gnu/h-x86_64-mingw32/bin/../lib/gcc/nios2-elf/5.3.0/../../../../../H-x86_64-mingw32/nios2-elf/lib/mno-hw-mul\libsmallc.a(lib_a-writer.o)
 .comment       0x0000000000000023       0x24 c:/intelfpga_lite/18.1/nios2eds/bin/gnu/h-x86_64-mingw32/bin/../lib/gcc/nios2-elf/5.3.0/../../../../../H-x86_64-mingw32/nios2-elf/lib/mno-hw-mul\libsmallc.a(lib_a-int_errno.o)
 .comment       0x0000000000000023       0x24 ../VGA_test_bsp/\libhal_bsp.a(alt_load.o)
 .comment       0x0000000000000023       0x24 ../VGA_test_bsp/\libhal_bsp.a(alt_main.o)
 .comment       0x0000000000000023       0x24 ../VGA_test_bsp/\libhal_bsp.a(alt_write.o)
 .comment       0x0000000000000023       0x24 ../VGA_test_bsp/\libhal_bsp.a(alt_sys_init.o)
 .comment       0x0000000000000023       0x24 ../VGA_test_bsp/\libhal_bsp.a(altera_avalon_jtag_uart_fd.o)
 .comment       0x0000000000000023       0x24 ../VGA_test_bsp/\libhal_bsp.a(altera_avalon_jtag_uart_read.o)
 .comment       0x0000000000000023       0x24 ../VGA_test_bsp/\libhal_bsp.a(altera_avalon_jtag_uart_write.o)
 .comment       0x0000000000000023       0x24 ../VGA_test_bsp/\libhal_bsp.a(draw_vga.o)
 .comment       0x0000000000000023       0x24 ../VGA_test_bsp/\libhal_bsp.a(alt_close.o)
 .comment       0x0000000000000023       0x24 ../VGA_test_bsp/\libhal_bsp.a(alt_dcache_flush_all.o)
 .comment       0x0000000000000023       0x24 ../VGA_test_bsp/\libhal_bsp.a(alt_dev.o)
 .comment       0x0000000000000023       0x24 ../VGA_test_bsp/\libhal_bsp.a(alt_dev_llist_insert.o)
 .comment       0x0000000000000023       0x24 ../VGA_test_bsp/\libhal_bsp.a(alt_errno.o)
 .comment       0x0000000000000023       0x24 ../VGA_test_bsp/\libhal_bsp.a(alt_icache_flush_all.o)
 .comment       0x0000000000000023       0x24 ../VGA_test_bsp/\libhal_bsp.a(alt_io_redirect.o)
 .comment       0x0000000000000023       0x24 ../VGA_test_bsp/\libhal_bsp.a(alt_open.o)
 .comment       0x0000000000000023       0x24 ../VGA_test_bsp/\libhal_bsp.a(alt_release_fd.o)
 .comment       0x0000000000000023       0x24 ../VGA_test_bsp/\libhal_bsp.a(altera_nios2_gen2_irq.o)
 .comment       0x0000000000000023       0x24 ../VGA_test_bsp/\libhal_bsp.a(char_map.o)
 .comment       0x0000000000000023       0x24 ../VGA_test_bsp/\libhal_bsp.a(alt_find_dev.o)
 .comment       0x0000000000000023       0x24 ../VGA_test_bsp/\libhal_bsp.a(alt_find_file.o)
 .comment       0x0000000000000023       0x24 ../VGA_test_bsp/\libhal_bsp.a(alt_get_fd.o)
 .comment       0x0000000000000023       0x24 c:/intelfpga_lite/18.1/nios2eds/bin/gnu/h-x86_64-mingw32/bin/../lib/gcc/nios2-elf/5.3.0/../../../../../H-x86_64-mingw32/nios2-elf/lib/mno-hw-mul\libsmallc.a(lib_a-exit.o)
 .comment       0x0000000000000023       0x24 c:/intelfpga_lite/18.1/nios2eds/bin/gnu/h-x86_64-mingw32/bin/../lib/gcc/nios2-elf/5.3.0/../../../../../H-x86_64-mingw32/nios2-elf/lib/mno-hw-mul\libsmallc.a(lib_a-memcmp.o)
 .comment       0x0000000000000023       0x24 c:/intelfpga_lite/18.1/nios2eds/bin/gnu/h-x86_64-mingw32/bin/../lib/gcc/nios2-elf/5.3.0/../../../../../H-x86_64-mingw32/nios2-elf/lib/mno-hw-mul\libsmallc.a(lib_a-__call_atexit.o)
 .comment       0x0000000000000023       0x24 c:/intelfpga_lite/18.1/nios2eds/bin/gnu/h-x86_64-mingw32/bin/../lib/gcc/nios2-elf/5.3.0/mno-hw-mul\libgcc.a(lib2-divmod.o)
 .comment       0x0000000000000023       0x24 c:/intelfpga_lite/18.1/nios2eds/bin/gnu/h-x86_64-mingw32/bin/../lib/gcc/nios2-elf/5.3.0/mno-hw-mul\libgcc.a(lib2-mul.o)
 .comment       0x0000000000000023       0x24 ../VGA_test_bsp/\libhal_bsp.a(alt_exit.o)

.debug
 *(.debug)

.line
 *(.line)

.debug_srcinfo
 *(.debug_srcinfo)

.debug_sfnames
 *(.debug_sfnames)

.debug_aranges  0x0000000000000000      0x478
 *(.debug_aranges)
 .debug_aranges
                0x0000000000000000       0x28 ../VGA_test_bsp//obj/HAL/src/crt0.o
 .debug_aranges
                0x0000000000000028       0x20 obj/default/hello_world.o
 .debug_aranges
                0x0000000000000048       0x28 c:/intelfpga_lite/18.1/nios2eds/bin/gnu/h-x86_64-mingw32/bin/../lib/gcc/nios2-elf/5.3.0/../../../../../H-x86_64-mingw32/nios2-elf/lib/mno-hw-mul\libsmallc.a(lib_a-puts.o)
 .debug_aranges
                0x0000000000000070       0x20 c:/intelfpga_lite/18.1/nios2eds/bin/gnu/h-x86_64-mingw32/bin/../lib/gcc/nios2-elf/5.3.0/../../../../../H-x86_64-mingw32/nios2-elf/lib/mno-hw-mul\libsmallc.a(lib_a-strlen.o)
 .debug_aranges
                0x0000000000000090       0x20 c:/intelfpga_lite/18.1/nios2eds/bin/gnu/h-x86_64-mingw32/bin/../lib/gcc/nios2-elf/5.3.0/../../../../../H-x86_64-mingw32/nios2-elf/lib/mno-hw-mul\libsmallc.a(lib_a-fvwrite_small_dev.o)
 .debug_aranges
                0x00000000000000b0       0x18 c:/intelfpga_lite/18.1/nios2eds/bin/gnu/h-x86_64-mingw32/bin/../lib/gcc/nios2-elf/5.3.0/../../../../../H-x86_64-mingw32/nios2-elf/lib/mno-hw-mul\libsmallc.a(lib_a-impure.o)
 .debug_aranges
                0x00000000000000c8       0x20 c:/intelfpga_lite/18.1/nios2eds/bin/gnu/h-x86_64-mingw32/bin/../lib/gcc/nios2-elf/5.3.0/../../../../../H-x86_64-mingw32/nios2-elf/lib/mno-hw-mul\libsmallc.a(lib_a-writer.o)
 .debug_aranges
                0x00000000000000e8       0x18 c:/intelfpga_lite/18.1/nios2eds/bin/gnu/h-x86_64-mingw32/bin/../lib/gcc/nios2-elf/5.3.0/../../../../../H-x86_64-mingw32/nios2-elf/lib/mno-hw-mul\libsmallc.a(lib_a-int_errno.o)
 .debug_aranges
                0x0000000000000100       0x20 ../VGA_test_bsp/\libhal_bsp.a(alt_load.o)
 .debug_aranges
                0x0000000000000120       0x20 ../VGA_test_bsp/\libhal_bsp.a(alt_main.o)
 .debug_aranges
                0x0000000000000140       0x20 ../VGA_test_bsp/\libhal_bsp.a(alt_write.o)
 .debug_aranges
                0x0000000000000160       0x20 ../VGA_test_bsp/\libhal_bsp.a(alt_sys_init.o)
 .debug_aranges
                0x0000000000000180       0x20 ../VGA_test_bsp/\libhal_bsp.a(altera_avalon_jtag_uart_fd.o)
 .debug_aranges
                0x00000000000001a0       0x20 ../VGA_test_bsp/\libhal_bsp.a(altera_avalon_jtag_uart_read.o)
 .debug_aranges
                0x00000000000001c0       0x20 ../VGA_test_bsp/\libhal_bsp.a(altera_avalon_jtag_uart_write.o)
 .debug_aranges
                0x00000000000001e0       0x20 ../VGA_test_bsp/\libhal_bsp.a(draw_vga.o)
 .debug_aranges
                0x0000000000000200       0x20 ../VGA_test_bsp/\libhal_bsp.a(alt_close.o)
 .debug_aranges
                0x0000000000000220       0x20 ../VGA_test_bsp/\libhal_bsp.a(alt_dcache_flush_all.o)
 .debug_aranges
                0x0000000000000240       0x20 ../VGA_test_bsp/\libhal_bsp.a(alt_dev.o)
 .debug_aranges
                0x0000000000000260       0x20 ../VGA_test_bsp/\libhal_bsp.a(alt_dev_llist_insert.o)
 .debug_aranges
                0x0000000000000280       0x18 ../VGA_test_bsp/\libhal_bsp.a(alt_errno.o)
 .debug_aranges
                0x0000000000000298       0x20 ../VGA_test_bsp/\libhal_bsp.a(alt_icache_flush_all.o)
 .debug_aranges
                0x00000000000002b8       0x20 ../VGA_test_bsp/\libhal_bsp.a(alt_io_redirect.o)
 .debug_aranges
                0x00000000000002d8       0x20 ../VGA_test_bsp/\libhal_bsp.a(alt_open.o)
 .debug_aranges
                0x00000000000002f8       0x20 ../VGA_test_bsp/\libhal_bsp.a(alt_release_fd.o)
 .debug_aranges
                0x0000000000000318       0x20 ../VGA_test_bsp/\libhal_bsp.a(altera_nios2_gen2_irq.o)
 .debug_aranges
                0x0000000000000338       0x20 ../VGA_test_bsp/\libhal_bsp.a(char_map.o)
 .debug_aranges
                0x0000000000000358       0x20 ../VGA_test_bsp/\libhal_bsp.a(alt_find_dev.o)
 .debug_aranges
                0x0000000000000378       0x20 ../VGA_test_bsp/\libhal_bsp.a(alt_find_file.o)
 .debug_aranges
                0x0000000000000398       0x20 ../VGA_test_bsp/\libhal_bsp.a(alt_get_fd.o)
 .debug_aranges
                0x00000000000003b8       0x20 c:/intelfpga_lite/18.1/nios2eds/bin/gnu/h-x86_64-mingw32/bin/../lib/gcc/nios2-elf/5.3.0/../../../../../H-x86_64-mingw32/nios2-elf/lib/mno-hw-mul\libsmallc.a(lib_a-exit.o)
 .debug_aranges
                0x00000000000003d8       0x20 c:/intelfpga_lite/18.1/nios2eds/bin/gnu/h-x86_64-mingw32/bin/../lib/gcc/nios2-elf/5.3.0/../../../../../H-x86_64-mingw32/nios2-elf/lib/mno-hw-mul\libsmallc.a(lib_a-memcmp.o)
 .debug_aranges
                0x00000000000003f8       0x20 c:/intelfpga_lite/18.1/nios2eds/bin/gnu/h-x86_64-mingw32/bin/../lib/gcc/nios2-elf/5.3.0/../../../../../H-x86_64-mingw32/nios2-elf/lib/mno-hw-mul\libsmallc.a(lib_a-__call_atexit.o)
 .debug_aranges
                0x0000000000000418       0x20 c:/intelfpga_lite/18.1/nios2eds/bin/gnu/h-x86_64-mingw32/bin/../lib/gcc/nios2-elf/5.3.0/mno-hw-mul\libgcc.a(lib2-divmod.o)
 .debug_aranges
                0x0000000000000438       0x20 c:/intelfpga_lite/18.1/nios2eds/bin/gnu/h-x86_64-mingw32/bin/../lib/gcc/nios2-elf/5.3.0/mno-hw-mul\libgcc.a(lib2-mul.o)
 .debug_aranges
                0x0000000000000458       0x20 ../VGA_test_bsp/\libhal_bsp.a(alt_exit.o)

.debug_pubnames
 *(.debug_pubnames)

.debug_info     0x0000000000000000     0x617e
 *(.debug_info .gnu.linkonce.wi.*)
 .debug_info    0x0000000000000000       0x66 ../VGA_test_bsp//obj/HAL/src/crt0.o
 .debug_info    0x0000000000000066       0x96 obj/default/hello_world.o
 .debug_info    0x00000000000000fc      0x66d c:/intelfpga_lite/18.1/nios2eds/bin/gnu/h-x86_64-mingw32/bin/../lib/gcc/nios2-elf/5.3.0/../../../../../H-x86_64-mingw32/nios2-elf/lib/mno-hw-mul\libsmallc.a(lib_a-puts.o)
 .debug_info    0x0000000000000769       0xc9 c:/intelfpga_lite/18.1/nios2eds/bin/gnu/h-x86_64-mingw32/bin/../lib/gcc/nios2-elf/5.3.0/../../../../../H-x86_64-mingw32/nios2-elf/lib/mno-hw-mul\libsmallc.a(lib_a-strlen.o)
 .debug_info    0x0000000000000832      0x62b c:/intelfpga_lite/18.1/nios2eds/bin/gnu/h-x86_64-mingw32/bin/../lib/gcc/nios2-elf/5.3.0/../../../../../H-x86_64-mingw32/nios2-elf/lib/mno-hw-mul\libsmallc.a(lib_a-fvwrite_small_dev.o)
 .debug_info    0x0000000000000e5d      0x5a9 c:/intelfpga_lite/18.1/nios2eds/bin/gnu/h-x86_64-mingw32/bin/../lib/gcc/nios2-elf/5.3.0/../../../../../H-x86_64-mingw32/nios2-elf/lib/mno-hw-mul\libsmallc.a(lib_a-impure.o)
 .debug_info    0x0000000000001406      0x630 c:/intelfpga_lite/18.1/nios2eds/bin/gnu/h-x86_64-mingw32/bin/../lib/gcc/nios2-elf/5.3.0/../../../../../H-x86_64-mingw32/nios2-elf/lib/mno-hw-mul\libsmallc.a(lib_a-writer.o)
 .debug_info    0x0000000000001a36       0x8a c:/intelfpga_lite/18.1/nios2eds/bin/gnu/h-x86_64-mingw32/bin/../lib/gcc/nios2-elf/5.3.0/../../../../../H-x86_64-mingw32/nios2-elf/lib/mno-hw-mul\libsmallc.a(lib_a-int_errno.o)
 .debug_info    0x0000000000001ac0      0x145 ../VGA_test_bsp/\libhal_bsp.a(alt_load.o)
 .debug_info    0x0000000000001c05      0x131 ../VGA_test_bsp/\libhal_bsp.a(alt_main.o)
 .debug_info    0x0000000000001d36      0x4b7 ../VGA_test_bsp/\libhal_bsp.a(alt_write.o)
 .debug_info    0x00000000000021ed      0x3c9 ../VGA_test_bsp/\libhal_bsp.a(alt_sys_init.o)
 .debug_info    0x00000000000025b6      0x3a7 ../VGA_test_bsp/\libhal_bsp.a(altera_avalon_jtag_uart_fd.o)
 .debug_info    0x000000000000295d      0x1b2 ../VGA_test_bsp/\libhal_bsp.a(altera_avalon_jtag_uart_read.o)
 .debug_info    0x0000000000002b0f      0x195 ../VGA_test_bsp/\libhal_bsp.a(altera_avalon_jtag_uart_write.o)
 .debug_info    0x0000000000002ca4      0x763 ../VGA_test_bsp/\libhal_bsp.a(draw_vga.o)
 .debug_info    0x0000000000003407      0x321 ../VGA_test_bsp/\libhal_bsp.a(alt_close.o)
 .debug_info    0x0000000000003728       0x92 ../VGA_test_bsp/\libhal_bsp.a(alt_dcache_flush_all.o)
 .debug_info    0x00000000000037ba      0x49c ../VGA_test_bsp/\libhal_bsp.a(alt_dev.o)
 .debug_info    0x0000000000003c56      0x1a9 ../VGA_test_bsp/\libhal_bsp.a(alt_dev_llist_insert.o)
 .debug_info    0x0000000000003dff       0xa6 ../VGA_test_bsp/\libhal_bsp.a(alt_errno.o)
 .debug_info    0x0000000000003ea5       0x92 ../VGA_test_bsp/\libhal_bsp.a(alt_icache_flush_all.o)
 .debug_info    0x0000000000003f37      0x4a5 ../VGA_test_bsp/\libhal_bsp.a(alt_io_redirect.o)
 .debug_info    0x00000000000043dc      0x3bb ../VGA_test_bsp/\libhal_bsp.a(alt_open.o)
 .debug_info    0x0000000000004797      0x2b0 ../VGA_test_bsp/\libhal_bsp.a(alt_release_fd.o)
 .debug_info    0x0000000000004a47       0x92 ../VGA_test_bsp/\libhal_bsp.a(altera_nios2_gen2_irq.o)
 .debug_info    0x0000000000004ad9      0x10c ../VGA_test_bsp/\libhal_bsp.a(char_map.o)
 .debug_info    0x0000000000004be5      0x2e9 ../VGA_test_bsp/\libhal_bsp.a(alt_find_dev.o)
 .debug_info    0x0000000000004ece      0x2e6 ../VGA_test_bsp/\libhal_bsp.a(alt_find_file.o)
 .debug_info    0x00000000000051b4      0x310 ../VGA_test_bsp/\libhal_bsp.a(alt_get_fd.o)
 .debug_info    0x00000000000054c4       0xe5 c:/intelfpga_lite/18.1/nios2eds/bin/gnu/h-x86_64-mingw32/bin/../lib/gcc/nios2-elf/5.3.0/../../../../../H-x86_64-mingw32/nios2-elf/lib/mno-hw-mul\libsmallc.a(lib_a-exit.o)
 .debug_info    0x00000000000055a9       0xf4 c:/intelfpga_lite/18.1/nios2eds/bin/gnu/h-x86_64-mingw32/bin/../lib/gcc/nios2-elf/5.3.0/../../../../../H-x86_64-mingw32/nios2-elf/lib/mno-hw-mul\libsmallc.a(lib_a-memcmp.o)
 .debug_info    0x000000000000569d      0x67b c:/intelfpga_lite/18.1/nios2eds/bin/gnu/h-x86_64-mingw32/bin/../lib/gcc/nios2-elf/5.3.0/../../../../../H-x86_64-mingw32/nios2-elf/lib/mno-hw-mul\libsmallc.a(lib_a-__call_atexit.o)
 .debug_info    0x0000000000005d18      0x2c6 c:/intelfpga_lite/18.1/nios2eds/bin/gnu/h-x86_64-mingw32/bin/../lib/gcc/nios2-elf/5.3.0/mno-hw-mul\libgcc.a(lib2-divmod.o)
 .debug_info    0x0000000000005fde       0xb4 c:/intelfpga_lite/18.1/nios2eds/bin/gnu/h-x86_64-mingw32/bin/../lib/gcc/nios2-elf/5.3.0/mno-hw-mul\libgcc.a(lib2-mul.o)
 .debug_info    0x0000000000006092       0xec ../VGA_test_bsp/\libhal_bsp.a(alt_exit.o)

.debug_abbrev   0x0000000000000000     0x1f1a
 *(.debug_abbrev)
 .debug_abbrev  0x0000000000000000       0x12 ../VGA_test_bsp//obj/HAL/src/crt0.o
 .debug_abbrev  0x0000000000000012       0x42 obj/default/hello_world.o
 .debug_abbrev  0x0000000000000054      0x1d6 c:/intelfpga_lite/18.1/nios2eds/bin/gnu/h-x86_64-mingw32/bin/../lib/gcc/nios2-elf/5.3.0/../../../../../H-x86_64-mingw32/nios2-elf/lib/mno-hw-mul\libsmallc.a(lib_a-puts.o)
 .debug_abbrev  0x000000000000022a       0x7f c:/intelfpga_lite/18.1/nios2eds/bin/gnu/h-x86_64-mingw32/bin/../lib/gcc/nios2-elf/5.3.0/../../../../../H-x86_64-mingw32/nios2-elf/lib/mno-hw-mul\libsmallc.a(lib_a-strlen.o)
 .debug_abbrev  0x00000000000002a9      0x1bc c:/intelfpga_lite/18.1/nios2eds/bin/gnu/h-x86_64-mingw32/bin/../lib/gcc/nios2-elf/5.3.0/../../../../../H-x86_64-mingw32/nios2-elf/lib/mno-hw-mul\libsmallc.a(lib_a-fvwrite_small_dev.o)
 .debug_abbrev  0x0000000000000465      0x14a c:/intelfpga_lite/18.1/nios2eds/bin/gnu/h-x86_64-mingw32/bin/../lib/gcc/nios2-elf/5.3.0/../../../../../H-x86_64-mingw32/nios2-elf/lib/mno-hw-mul\libsmallc.a(lib_a-impure.o)
 .debug_abbrev  0x00000000000005af      0x1a6 c:/intelfpga_lite/18.1/nios2eds/bin/gnu/h-x86_64-mingw32/bin/../lib/gcc/nios2-elf/5.3.0/../../../../../H-x86_64-mingw32/nios2-elf/lib/mno-hw-mul\libsmallc.a(lib_a-writer.o)
 .debug_abbrev  0x0000000000000755       0x37 c:/intelfpga_lite/18.1/nios2eds/bin/gnu/h-x86_64-mingw32/bin/../lib/gcc/nios2-elf/5.3.0/../../../../../H-x86_64-mingw32/nios2-elf/lib/mno-hw-mul\libsmallc.a(lib_a-int_errno.o)
 .debug_abbrev  0x000000000000078c       0x9f ../VGA_test_bsp/\libhal_bsp.a(alt_load.o)
 .debug_abbrev  0x000000000000082b       0xba ../VGA_test_bsp/\libhal_bsp.a(alt_main.o)
 .debug_abbrev  0x00000000000008e5      0x133 ../VGA_test_bsp/\libhal_bsp.a(alt_write.o)
 .debug_abbrev  0x0000000000000a18      0x157 ../VGA_test_bsp/\libhal_bsp.a(alt_sys_init.o)
 .debug_abbrev  0x0000000000000b6f       0xf7 ../VGA_test_bsp/\libhal_bsp.a(altera_avalon_jtag_uart_fd.o)
 .debug_abbrev  0x0000000000000c66       0xd5 ../VGA_test_bsp/\libhal_bsp.a(altera_avalon_jtag_uart_read.o)
 .debug_abbrev  0x0000000000000d3b       0xd5 ../VGA_test_bsp/\libhal_bsp.a(altera_avalon_jtag_uart_write.o)
 .debug_abbrev  0x0000000000000e10      0x110 ../VGA_test_bsp/\libhal_bsp.a(draw_vga.o)
 .debug_abbrev  0x0000000000000f20      0x11f ../VGA_test_bsp/\libhal_bsp.a(alt_close.o)
 .debug_abbrev  0x000000000000103f       0x42 ../VGA_test_bsp/\libhal_bsp.a(alt_dcache_flush_all.o)
 .debug_abbrev  0x0000000000001081       0xd9 ../VGA_test_bsp/\libhal_bsp.a(alt_dev.o)
 .debug_abbrev  0x000000000000115a      0x114 ../VGA_test_bsp/\libhal_bsp.a(alt_dev_llist_insert.o)
 .debug_abbrev  0x000000000000126e       0x5a ../VGA_test_bsp/\libhal_bsp.a(alt_errno.o)
 .debug_abbrev  0x00000000000012c8       0x42 ../VGA_test_bsp/\libhal_bsp.a(alt_icache_flush_all.o)
 .debug_abbrev  0x000000000000130a      0x114 ../VGA_test_bsp/\libhal_bsp.a(alt_io_redirect.o)
 .debug_abbrev  0x000000000000141e      0x148 ../VGA_test_bsp/\libhal_bsp.a(alt_open.o)
 .debug_abbrev  0x0000000000001566       0xde ../VGA_test_bsp/\libhal_bsp.a(alt_release_fd.o)
 .debug_abbrev  0x0000000000001644       0x42 ../VGA_test_bsp/\libhal_bsp.a(altera_nios2_gen2_irq.o)
 .debug_abbrev  0x0000000000001686       0x81 ../VGA_test_bsp/\libhal_bsp.a(char_map.o)
 .debug_abbrev  0x0000000000001707       0xf0 ../VGA_test_bsp/\libhal_bsp.a(alt_find_dev.o)
 .debug_abbrev  0x00000000000017f7       0xf0 ../VGA_test_bsp/\libhal_bsp.a(alt_find_file.o)
 .debug_abbrev  0x00000000000018e7      0x10d ../VGA_test_bsp/\libhal_bsp.a(alt_get_fd.o)
 .debug_abbrev  0x00000000000019f4       0x8b c:/intelfpga_lite/18.1/nios2eds/bin/gnu/h-x86_64-mingw32/bin/../lib/gcc/nios2-elf/5.3.0/../../../../../H-x86_64-mingw32/nios2-elf/lib/mno-hw-mul\libsmallc.a(lib_a-exit.o)
 .debug_abbrev  0x0000000000001a7f       0x7f c:/intelfpga_lite/18.1/nios2eds/bin/gnu/h-x86_64-mingw32/bin/../lib/gcc/nios2-elf/5.3.0/../../../../../H-x86_64-mingw32/nios2-elf/lib/mno-hw-mul\libsmallc.a(lib_a-memcmp.o)
 .debug_abbrev  0x0000000000001afe      0x1f6 c:/intelfpga_lite/18.1/nios2eds/bin/gnu/h-x86_64-mingw32/bin/../lib/gcc/nios2-elf/5.3.0/../../../../../H-x86_64-mingw32/nios2-elf/lib/mno-hw-mul\libsmallc.a(lib_a-__call_atexit.o)
 .debug_abbrev  0x0000000000001cf4      0x10e c:/intelfpga_lite/18.1/nios2eds/bin/gnu/h-x86_64-mingw32/bin/../lib/gcc/nios2-elf/5.3.0/mno-hw-mul\libgcc.a(lib2-divmod.o)
 .debug_abbrev  0x0000000000001e02       0x6f c:/intelfpga_lite/18.1/nios2eds/bin/gnu/h-x86_64-mingw32/bin/../lib/gcc/nios2-elf/5.3.0/mno-hw-mul\libgcc.a(lib2-mul.o)
 .debug_abbrev  0x0000000000001e71       0xa9 ../VGA_test_bsp/\libhal_bsp.a(alt_exit.o)

.debug_line     0x0000000000000000     0x2528
 *(.debug_line)
 .debug_line    0x0000000000000000       0x66 ../VGA_test_bsp//obj/HAL/src/crt0.o
 .debug_line    0x0000000000000066       0x4c obj/default/hello_world.o
 .debug_line    0x00000000000000b2      0x206 c:/intelfpga_lite/18.1/nios2eds/bin/gnu/h-x86_64-mingw32/bin/../lib/gcc/nios2-elf/5.3.0/../../../../../H-x86_64-mingw32/nios2-elf/lib/mno-hw-mul\libsmallc.a(lib_a-puts.o)
 .debug_line    0x00000000000002b8      0x15c c:/intelfpga_lite/18.1/nios2eds/bin/gnu/h-x86_64-mingw32/bin/../lib/gcc/nios2-elf/5.3.0/../../../../../H-x86_64-mingw32/nios2-elf/lib/mno-hw-mul\libsmallc.a(lib_a-strlen.o)
 .debug_line    0x0000000000000414      0x1f0 c:/intelfpga_lite/18.1/nios2eds/bin/gnu/h-x86_64-mingw32/bin/../lib/gcc/nios2-elf/5.3.0/../../../../../H-x86_64-mingw32/nios2-elf/lib/mno-hw-mul\libsmallc.a(lib_a-fvwrite_small_dev.o)
 .debug_line    0x0000000000000604      0x156 c:/intelfpga_lite/18.1/nios2eds/bin/gnu/h-x86_64-mingw32/bin/../lib/gcc/nios2-elf/5.3.0/../../../../../H-x86_64-mingw32/nios2-elf/lib/mno-hw-mul\libsmallc.a(lib_a-impure.o)
 .debug_line    0x000000000000075a      0x1ed c:/intelfpga_lite/18.1/nios2eds/bin/gnu/h-x86_64-mingw32/bin/../lib/gcc/nios2-elf/5.3.0/../../../../../H-x86_64-mingw32/nios2-elf/lib/mno-hw-mul\libsmallc.a(lib_a-writer.o)
 .debug_line    0x0000000000000947       0x5f c:/intelfpga_lite/18.1/nios2eds/bin/gnu/h-x86_64-mingw32/bin/../lib/gcc/nios2-elf/5.3.0/../../../../../H-x86_64-mingw32/nios2-elf/lib/mno-hw-mul\libsmallc.a(lib_a-int_errno.o)
 .debug_line    0x00000000000009a6       0x8e ../VGA_test_bsp/\libhal_bsp.a(alt_load.o)
 .debug_line    0x0000000000000a34       0x9e ../VGA_test_bsp/\libhal_bsp.a(alt_main.o)
 .debug_line    0x0000000000000ad2      0x1db ../VGA_test_bsp/\libhal_bsp.a(alt_write.o)
 .debug_line    0x0000000000000cad      0x126 ../VGA_test_bsp/\libhal_bsp.a(alt_sys_init.o)
 .debug_line    0x0000000000000dd3      0x112 ../VGA_test_bsp/\libhal_bsp.a(altera_avalon_jtag_uart_fd.o)
 .debug_line    0x0000000000000ee5       0xfd ../VGA_test_bsp/\libhal_bsp.a(altera_avalon_jtag_uart_read.o)
 .debug_line    0x0000000000000fe2       0xf4 ../VGA_test_bsp/\libhal_bsp.a(altera_avalon_jtag_uart_write.o)
 .debug_line    0x00000000000010d6      0x32d ../VGA_test_bsp/\libhal_bsp.a(draw_vga.o)
 .debug_line    0x0000000000001403      0x165 ../VGA_test_bsp/\libhal_bsp.a(alt_close.o)
 .debug_line    0x0000000000001568       0x51 ../VGA_test_bsp/\libhal_bsp.a(alt_dcache_flush_all.o)
 .debug_line    0x00000000000015b9       0xf8 ../VGA_test_bsp/\libhal_bsp.a(alt_dev.o)
 .debug_line    0x00000000000016b1       0xcf ../VGA_test_bsp/\libhal_bsp.a(alt_dev_llist_insert.o)
 .debug_line    0x0000000000001780       0x51 ../VGA_test_bsp/\libhal_bsp.a(alt_errno.o)
 .debug_line    0x00000000000017d1       0x4f ../VGA_test_bsp/\libhal_bsp.a(alt_icache_flush_all.o)
 .debug_line    0x0000000000001820      0x135 ../VGA_test_bsp/\libhal_bsp.a(alt_io_redirect.o)
 .debug_line    0x0000000000001955      0x12b ../VGA_test_bsp/\libhal_bsp.a(alt_open.o)
 .debug_line    0x0000000000001a80       0xb0 ../VGA_test_bsp/\libhal_bsp.a(alt_release_fd.o)
 .debug_line    0x0000000000001b30       0x51 ../VGA_test_bsp/\libhal_bsp.a(altera_nios2_gen2_irq.o)
 .debug_line    0x0000000000001b81       0x69 ../VGA_test_bsp/\libhal_bsp.a(char_map.o)
 .debug_line    0x0000000000001bea       0xb5 ../VGA_test_bsp/\libhal_bsp.a(alt_find_dev.o)
 .debug_line    0x0000000000001c9f       0xd1 ../VGA_test_bsp/\libhal_bsp.a(alt_find_file.o)
 .debug_line    0x0000000000001d70       0xd7 ../VGA_test_bsp/\libhal_bsp.a(alt_get_fd.o)
 .debug_line    0x0000000000001e47      0x159 c:/intelfpga_lite/18.1/nios2eds/bin/gnu/h-x86_64-mingw32/bin/../lib/gcc/nios2-elf/5.3.0/../../../../../H-x86_64-mingw32/nios2-elf/lib/mno-hw-mul\libsmallc.a(lib_a-exit.o)
 .debug_line    0x0000000000001fa0      0x160 c:/intelfpga_lite/18.1/nios2eds/bin/gnu/h-x86_64-mingw32/bin/../lib/gcc/nios2-elf/5.3.0/../../../../../H-x86_64-mingw32/nios2-elf/lib/mno-hw-mul\libsmallc.a(lib_a-memcmp.o)
 .debug_line    0x0000000000002100      0x232 c:/intelfpga_lite/18.1/nios2eds/bin/gnu/h-x86_64-mingw32/bin/../lib/gcc/nios2-elf/5.3.0/../../../../../H-x86_64-mingw32/nios2-elf/lib/mno-hw-mul\libsmallc.a(lib_a-__call_atexit.o)
 .debug_line    0x0000000000002332      0x105 c:/intelfpga_lite/18.1/nios2eds/bin/gnu/h-x86_64-mingw32/bin/../lib/gcc/nios2-elf/5.3.0/mno-hw-mul\libgcc.a(lib2-divmod.o)
 .debug_line    0x0000000000002437       0x80 c:/intelfpga_lite/18.1/nios2eds/bin/gnu/h-x86_64-mingw32/bin/../lib/gcc/nios2-elf/5.3.0/mno-hw-mul\libgcc.a(lib2-mul.o)
 .debug_line    0x00000000000024b7       0x71 ../VGA_test_bsp/\libhal_bsp.a(alt_exit.o)

.debug_frame    0x0000000000000000      0xa44
 *(.debug_frame)
 .debug_frame   0x0000000000000000       0x2c obj/default/hello_world.o
 .debug_frame   0x000000000000002c       0x48 c:/intelfpga_lite/18.1/nios2eds/bin/gnu/h-x86_64-mingw32/bin/../lib/gcc/nios2-elf/5.3.0/../../../../../H-x86_64-mingw32/nios2-elf/lib/mno-hw-mul\libsmallc.a(lib_a-puts.o)
 .debug_frame   0x0000000000000074       0x20 c:/intelfpga_lite/18.1/nios2eds/bin/gnu/h-x86_64-mingw32/bin/../lib/gcc/nios2-elf/5.3.0/../../../../../H-x86_64-mingw32/nios2-elf/lib/mno-hw-mul\libsmallc.a(lib_a-strlen.o)
 .debug_frame   0x0000000000000094       0x58 c:/intelfpga_lite/18.1/nios2eds/bin/gnu/h-x86_64-mingw32/bin/../lib/gcc/nios2-elf/5.3.0/../../../../../H-x86_64-mingw32/nios2-elf/lib/mno-hw-mul\libsmallc.a(lib_a-fvwrite_small_dev.o)
 .debug_frame   0x00000000000000ec       0x38 c:/intelfpga_lite/18.1/nios2eds/bin/gnu/h-x86_64-mingw32/bin/../lib/gcc/nios2-elf/5.3.0/../../../../../H-x86_64-mingw32/nios2-elf/lib/mno-hw-mul\libsmallc.a(lib_a-writer.o)
 .debug_frame   0x0000000000000124       0x5c ../VGA_test_bsp/\libhal_bsp.a(alt_load.o)
 .debug_frame   0x0000000000000180       0x2c ../VGA_test_bsp/\libhal_bsp.a(alt_main.o)
 .debug_frame   0x00000000000001ac       0x60 ../VGA_test_bsp/\libhal_bsp.a(alt_write.o)
 .debug_frame   0x000000000000020c       0x88 ../VGA_test_bsp/\libhal_bsp.a(alt_sys_init.o)
 .debug_frame   0x0000000000000294       0x60 ../VGA_test_bsp/\libhal_bsp.a(altera_avalon_jtag_uart_fd.o)
 .debug_frame   0x00000000000002f4       0x34 ../VGA_test_bsp/\libhal_bsp.a(altera_avalon_jtag_uart_read.o)
 .debug_frame   0x0000000000000328       0x34 ../VGA_test_bsp/\libhal_bsp.a(altera_avalon_jtag_uart_write.o)
 .debug_frame   0x000000000000035c      0x1f0 ../VGA_test_bsp/\libhal_bsp.a(draw_vga.o)
 .debug_frame   0x000000000000054c       0x60 ../VGA_test_bsp/\libhal_bsp.a(alt_close.o)
 .debug_frame   0x00000000000005ac       0x34 ../VGA_test_bsp/\libhal_bsp.a(alt_dcache_flush_all.o)
 .debug_frame   0x00000000000005e0       0x34 ../VGA_test_bsp/\libhal_bsp.a(alt_dev.o)
 .debug_frame   0x0000000000000614       0x60 ../VGA_test_bsp/\libhal_bsp.a(alt_dev_llist_insert.o)
 .debug_frame   0x0000000000000674       0x34 ../VGA_test_bsp/\libhal_bsp.a(alt_icache_flush_all.o)
 .debug_frame   0x00000000000006a8       0x64 ../VGA_test_bsp/\libhal_bsp.a(alt_io_redirect.o)
 .debug_frame   0x000000000000070c       0x8c ../VGA_test_bsp/\libhal_bsp.a(alt_open.o)
 .debug_frame   0x0000000000000798       0x3c ../VGA_test_bsp/\libhal_bsp.a(alt_release_fd.o)
 .debug_frame   0x00000000000007d4       0x34 ../VGA_test_bsp/\libhal_bsp.a(altera_nios2_gen2_irq.o)
 .debug_frame   0x0000000000000808       0x58 ../VGA_test_bsp/\libhal_bsp.a(char_map.o)
 .debug_frame   0x0000000000000860       0x38 ../VGA_test_bsp/\libhal_bsp.a(alt_find_dev.o)
 .debug_frame   0x0000000000000898       0x38 ../VGA_test_bsp/\libhal_bsp.a(alt_find_file.o)
 .debug_frame   0x00000000000008d0       0x3c ../VGA_test_bsp/\libhal_bsp.a(alt_get_fd.o)
 .debug_frame   0x000000000000090c       0x28 c:/intelfpga_lite/18.1/nios2eds/bin/gnu/h-x86_64-mingw32/bin/../lib/gcc/nios2-elf/5.3.0/../../../../../H-x86_64-mingw32/nios2-elf/lib/mno-hw-mul\libsmallc.a(lib_a-exit.o)
 .debug_frame   0x0000000000000934       0x20 c:/intelfpga_lite/18.1/nios2eds/bin/gnu/h-x86_64-mingw32/bin/../lib/gcc/nios2-elf/5.3.0/../../../../../H-x86_64-mingw32/nios2-elf/lib/mno-hw-mul\libsmallc.a(lib_a-memcmp.o)
 .debug_frame   0x0000000000000954       0x54 c:/intelfpga_lite/18.1/nios2eds/bin/gnu/h-x86_64-mingw32/bin/../lib/gcc/nios2-elf/5.3.0/../../../../../H-x86_64-mingw32/nios2-elf/lib/mno-hw-mul\libsmallc.a(lib_a-__call_atexit.o)
 .debug_frame   0x00000000000009a8       0x50 c:/intelfpga_lite/18.1/nios2eds/bin/gnu/h-x86_64-mingw32/bin/../lib/gcc/nios2-elf/5.3.0/mno-hw-mul\libgcc.a(lib2-divmod.o)
 .debug_frame   0x00000000000009f8       0x20 c:/intelfpga_lite/18.1/nios2eds/bin/gnu/h-x86_64-mingw32/bin/../lib/gcc/nios2-elf/5.3.0/mno-hw-mul\libgcc.a(lib2-mul.o)
 .debug_frame   0x0000000000000a18       0x2c ../VGA_test_bsp/\libhal_bsp.a(alt_exit.o)

.debug_str      0x0000000000000000     0x1457
 *(.debug_str)
 .debug_str     0x0000000000000000       0xea obj/default/hello_world.o
                                        0x128 (size before relaxing)
 .debug_str     0x00000000000000ea      0x3fb c:/intelfpga_lite/18.1/nios2eds/bin/gnu/h-x86_64-mingw32/bin/../lib/gcc/nios2-elf/5.3.0/../../../../../H-x86_64-mingw32/nios2-elf/lib/mno-hw-mul\libsmallc.a(lib_a-puts.o)
                                        0x4cd (size before relaxing)
 .debug_str     0x00000000000004e5       0xd2 c:/intelfpga_lite/18.1/nios2eds/bin/gnu/h-x86_64-mingw32/bin/../lib/gcc/nios2-elf/5.3.0/../../../../../H-x86_64-mingw32/nios2-elf/lib/mno-hw-mul\libsmallc.a(lib_a-strlen.o)
                                        0x1e5 (size before relaxing)
 .debug_str     0x00000000000005b7       0x63 c:/intelfpga_lite/18.1/nios2eds/bin/gnu/h-x86_64-mingw32/bin/../lib/gcc/nios2-elf/5.3.0/../../../../../H-x86_64-mingw32/nios2-elf/lib/mno-hw-mul\libsmallc.a(lib_a-fvwrite_small_dev.o)
                                        0x4d4 (size before relaxing)
 .debug_str     0x000000000000061a       0xef c:/intelfpga_lite/18.1/nios2eds/bin/gnu/h-x86_64-mingw32/bin/../lib/gcc/nios2-elf/5.3.0/../../../../../H-x86_64-mingw32/nios2-elf/lib/mno-hw-mul\libsmallc.a(lib_a-impure.o)
                                        0x4be (size before relaxing)
 .debug_str     0x0000000000000709       0x45 c:/intelfpga_lite/18.1/nios2eds/bin/gnu/h-x86_64-mingw32/bin/../lib/gcc/nios2-elf/5.3.0/../../../../../H-x86_64-mingw32/nios2-elf/lib/mno-hw-mul\libsmallc.a(lib_a-writer.o)
                                        0x4b8 (size before relaxing)
 .debug_str     0x000000000000074e       0x3f c:/intelfpga_lite/18.1/nios2eds/bin/gnu/h-x86_64-mingw32/bin/../lib/gcc/nios2-elf/5.3.0/../../../../../H-x86_64-mingw32/nios2-elf/lib/mno-hw-mul\libsmallc.a(lib_a-int_errno.o)
                                        0x1d8 (size before relaxing)
 .debug_str     0x000000000000078d      0x123 ../VGA_test_bsp/\libhal_bsp.a(alt_load.o)
                                        0x20a (size before relaxing)
 .debug_str     0x00000000000008b0       0x70 ../VGA_test_bsp/\libhal_bsp.a(alt_main.o)
                                        0x195 (size before relaxing)
 .debug_str     0x0000000000000920      0x166 ../VGA_test_bsp/\libhal_bsp.a(alt_write.o)
                                        0x2f0 (size before relaxing)
 .debug_str     0x0000000000000a86      0x103 ../VGA_test_bsp/\libhal_bsp.a(alt_sys_init.o)
                                        0x2ca (size before relaxing)
 .debug_str     0x0000000000000b89       0x77 ../VGA_test_bsp/\libhal_bsp.a(altera_avalon_jtag_uart_fd.o)
                                        0x2cd (size before relaxing)
 .debug_str     0x0000000000000c00       0x48 ../VGA_test_bsp/\libhal_bsp.a(altera_avalon_jtag_uart_read.o)
                                        0x217 (size before relaxing)
 .debug_str     0x0000000000000c48       0x4a ../VGA_test_bsp/\libhal_bsp.a(altera_avalon_jtag_uart_write.o)
                                        0x20d (size before relaxing)
 .debug_str     0x0000000000000c92      0x15e ../VGA_test_bsp/\libhal_bsp.a(draw_vga.o)
                                        0x2a4 (size before relaxing)
 .debug_str     0x0000000000000df0       0x1b ../VGA_test_bsp/\libhal_bsp.a(alt_close.o)
                                        0x203 (size before relaxing)
 .debug_str     0x0000000000000e0b       0x34 ../VGA_test_bsp/\libhal_bsp.a(alt_dcache_flush_all.o)
                                        0x14d (size before relaxing)
 .debug_str     0x0000000000000e3f       0x49 ../VGA_test_bsp/\libhal_bsp.a(alt_dev.o)
                                        0x2fd (size before relaxing)
 .debug_str     0x0000000000000e88       0x4b ../VGA_test_bsp/\libhal_bsp.a(alt_dev_llist_insert.o)
                                        0x1c4 (size before relaxing)
 .debug_str     0x0000000000000ed3       0x14 ../VGA_test_bsp/\libhal_bsp.a(alt_errno.o)
                                        0x13d (size before relaxing)
 .debug_str     0x0000000000000ee7       0x34 ../VGA_test_bsp/\libhal_bsp.a(alt_icache_flush_all.o)
                                        0x14d (size before relaxing)
 .debug_str     0x0000000000000f1b       0x56 ../VGA_test_bsp/\libhal_bsp.a(alt_io_redirect.o)
                                        0x30e (size before relaxing)
 .debug_str     0x0000000000000f71       0x36 ../VGA_test_bsp/\libhal_bsp.a(alt_open.o)
                                        0x243 (size before relaxing)
 .debug_str     0x0000000000000fa7       0x28 ../VGA_test_bsp/\libhal_bsp.a(alt_release_fd.o)
                                        0x1cb (size before relaxing)
 .debug_str     0x0000000000000fcf       0x3b ../VGA_test_bsp/\libhal_bsp.a(altera_nios2_gen2_irq.o)
                                        0x154 (size before relaxing)
 .debug_str     0x000000000000100a       0x58 ../VGA_test_bsp/\libhal_bsp.a(char_map.o)
                                        0x162 (size before relaxing)
 .debug_str     0x0000000000001062       0x24 ../VGA_test_bsp/\libhal_bsp.a(alt_find_dev.o)
                                        0x1e4 (size before relaxing)
 .debug_str     0x0000000000001086       0x26 ../VGA_test_bsp/\libhal_bsp.a(alt_find_file.o)
                                        0x1f2 (size before relaxing)
 .debug_str     0x00000000000010ac       0x30 ../VGA_test_bsp/\libhal_bsp.a(alt_get_fd.o)
                                        0x214 (size before relaxing)
 .debug_str     0x00000000000010dc       0xe1 c:/intelfpga_lite/18.1/nios2eds/bin/gnu/h-x86_64-mingw32/bin/../lib/gcc/nios2-elf/5.3.0/../../../../../H-x86_64-mingw32/nios2-elf/lib/mno-hw-mul\libsmallc.a(lib_a-exit.o)
                                        0x1f0 (size before relaxing)
 .debug_str     0x00000000000011bd       0x44 c:/intelfpga_lite/18.1/nios2eds/bin/gnu/h-x86_64-mingw32/bin/../lib/gcc/nios2-elf/5.3.0/../../../../../H-x86_64-mingw32/nios2-elf/lib/mno-hw-mul\libsmallc.a(lib_a-memcmp.o)
                                        0x1df (size before relaxing)
 .debug_str     0x0000000000001201       0x65 c:/intelfpga_lite/18.1/nios2eds/bin/gnu/h-x86_64-mingw32/bin/../lib/gcc/nios2-elf/5.3.0/../../../../../H-x86_64-mingw32/nios2-elf/lib/mno-hw-mul\libsmallc.a(lib_a-__call_atexit.o)
                                        0x4eb (size before relaxing)
 .debug_str     0x0000000000001266      0x187 c:/intelfpga_lite/18.1/nios2eds/bin/gnu/h-x86_64-mingw32/bin/../lib/gcc/nios2-elf/5.3.0/mno-hw-mul\libgcc.a(lib2-divmod.o)
                                        0x1d2 (size before relaxing)
 .debug_str     0x00000000000013ed       0x40 c:/intelfpga_lite/18.1/nios2eds/bin/gnu/h-x86_64-mingw32/bin/../lib/gcc/nios2-elf/5.3.0/mno-hw-mul\libgcc.a(lib2-mul.o)
                                        0x193 (size before relaxing)
 .debug_str     0x000000000000142d       0x2a ../VGA_test_bsp/\libhal_bsp.a(alt_exit.o)
                                        0x149 (size before relaxing)

.debug_loc      0x0000000000000000      0x9d4
 *(.debug_loc)
 .debug_loc     0x0000000000000000       0x97 c:/intelfpga_lite/18.1/nios2eds/bin/gnu/h-x86_64-mingw32/bin/../lib/gcc/nios2-elf/5.3.0/../../../../../H-x86_64-mingw32/nios2-elf/lib/mno-hw-mul\libsmallc.a(lib_a-puts.o)
 .debug_loc     0x0000000000000097       0x1e c:/intelfpga_lite/18.1/nios2eds/bin/gnu/h-x86_64-mingw32/bin/../lib/gcc/nios2-elf/5.3.0/../../../../../H-x86_64-mingw32/nios2-elf/lib/mno-hw-mul\libsmallc.a(lib_a-strlen.o)
 .debug_loc     0x00000000000000b5      0x110 c:/intelfpga_lite/18.1/nios2eds/bin/gnu/h-x86_64-mingw32/bin/../lib/gcc/nios2-elf/5.3.0/../../../../../H-x86_64-mingw32/nios2-elf/lib/mno-hw-mul\libsmallc.a(lib_a-fvwrite_small_dev.o)
 .debug_loc     0x00000000000001c5       0xa5 c:/intelfpga_lite/18.1/nios2eds/bin/gnu/h-x86_64-mingw32/bin/../lib/gcc/nios2-elf/5.3.0/../../../../../H-x86_64-mingw32/nios2-elf/lib/mno-hw-mul\libsmallc.a(lib_a-writer.o)
 .debug_loc     0x000000000000026a       0x1e c:/intelfpga_lite/18.1/nios2eds/bin/gnu/h-x86_64-mingw32/bin/../lib/gcc/nios2-elf/5.3.0/../../../../../H-x86_64-mingw32/nios2-elf/lib/mno-hw-mul\libsmallc.a(lib_a-exit.o)
 .debug_loc     0x0000000000000288       0x94 c:/intelfpga_lite/18.1/nios2eds/bin/gnu/h-x86_64-mingw32/bin/../lib/gcc/nios2-elf/5.3.0/../../../../../H-x86_64-mingw32/nios2-elf/lib/mno-hw-mul\libsmallc.a(lib_a-memcmp.o)
 .debug_loc     0x000000000000031c      0x157 c:/intelfpga_lite/18.1/nios2eds/bin/gnu/h-x86_64-mingw32/bin/../lib/gcc/nios2-elf/5.3.0/../../../../../H-x86_64-mingw32/nios2-elf/lib/mno-hw-mul\libsmallc.a(lib_a-__call_atexit.o)
 .debug_loc     0x0000000000000473      0x4ce c:/intelfpga_lite/18.1/nios2eds/bin/gnu/h-x86_64-mingw32/bin/../lib/gcc/nios2-elf/5.3.0/mno-hw-mul\libgcc.a(lib2-divmod.o)
 .debug_loc     0x0000000000000941       0x93 c:/intelfpga_lite/18.1/nios2eds/bin/gnu/h-x86_64-mingw32/bin/../lib/gcc/nios2-elf/5.3.0/mno-hw-mul\libgcc.a(lib2-mul.o)

.debug_macinfo
 *(.debug_macinfo)

.debug_weaknames
 *(.debug_weaknames)

.debug_funcnames
 *(.debug_funcnames)

.debug_typenames
 *(.debug_typenames)

.debug_varnames
 *(.debug_varnames)

.debug_alt_sim_info
                0x0000000000000000       0x10
 *(.debug_alt_sim_info)
 .debug_alt_sim_info
                0x0000000000000000       0x10 ../VGA_test_bsp//obj/HAL/src/crt0.o
                0x0000000000088000                __alt_data_end = 0x88000
                0x0000000000088000                PROVIDE (__alt_stack_pointer, __alt_data_end)
                [!provide]                        PROVIDE (__alt_stack_limit, __alt_stack_base)
                [!provide]                        PROVIDE (__alt_heap_start, end)
                [!provide]                        PROVIDE (__alt_heap_limit, 0x88000)
OUTPUT(VGA_test.elf elf32-littlenios2)

.debug_ranges   0x0000000000000000      0x140
 .debug_ranges  0x0000000000000000       0x20 ../VGA_test_bsp//obj/HAL/src/crt0.o
 .debug_ranges  0x0000000000000020       0x18 c:/intelfpga_lite/18.1/nios2eds/bin/gnu/h-x86_64-mingw32/bin/../lib/gcc/nios2-elf/5.3.0/../../../../../H-x86_64-mingw32/nios2-elf/lib/mno-hw-mul\libsmallc.a(lib_a-puts.o)
 .debug_ranges  0x0000000000000038       0x10 c:/intelfpga_lite/18.1/nios2eds/bin/gnu/h-x86_64-mingw32/bin/../lib/gcc/nios2-elf/5.3.0/../../../../../H-x86_64-mingw32/nios2-elf/lib/mno-hw-mul\libsmallc.a(lib_a-strlen.o)
 .debug_ranges  0x0000000000000048       0x28 c:/intelfpga_lite/18.1/nios2eds/bin/gnu/h-x86_64-mingw32/bin/../lib/gcc/nios2-elf/5.3.0/../../../../../H-x86_64-mingw32/nios2-elf/lib/mno-hw-mul\libsmallc.a(lib_a-fvwrite_small_dev.o)
 .debug_ranges  0x0000000000000070       0x10 c:/intelfpga_lite/18.1/nios2eds/bin/gnu/h-x86_64-mingw32/bin/../lib/gcc/nios2-elf/5.3.0/../../../../../H-x86_64-mingw32/nios2-elf/lib/mno-hw-mul\libsmallc.a(lib_a-writer.o)
 .debug_ranges  0x0000000000000080       0x18 ../VGA_test_bsp/\libhal_bsp.a(altera_avalon_jtag_uart_read.o)
 .debug_ranges  0x0000000000000098       0x10 c:/intelfpga_lite/18.1/nios2eds/bin/gnu/h-x86_64-mingw32/bin/../lib/gcc/nios2-elf/5.3.0/../../../../../H-x86_64-mingw32/nios2-elf/lib/mno-hw-mul\libsmallc.a(lib_a-exit.o)
 .debug_ranges  0x00000000000000a8       0x10 c:/intelfpga_lite/18.1/nios2eds/bin/gnu/h-x86_64-mingw32/bin/../lib/gcc/nios2-elf/5.3.0/../../../../../H-x86_64-mingw32/nios2-elf/lib/mno-hw-mul\libsmallc.a(lib_a-memcmp.o)
 .debug_ranges  0x00000000000000b8       0x28 c:/intelfpga_lite/18.1/nios2eds/bin/gnu/h-x86_64-mingw32/bin/../lib/gcc/nios2-elf/5.3.0/../../../../../H-x86_64-mingw32/nios2-elf/lib/mno-hw-mul\libsmallc.a(lib_a-__call_atexit.o)
 .debug_ranges  0x00000000000000e0       0x60 c:/intelfpga_lite/18.1/nios2eds/bin/gnu/h-x86_64-mingw32/bin/../lib/gcc/nios2-elf/5.3.0/mno-hw-mul\libgcc.a(lib2-divmod.o)
